I/art     ( 1322): Background partial concurrent mark sweep GC freed 1903(146KB) AllocSpace objects, 0(0B) LOS objects, 24% free, 1830KB/2MB, paused 2.252ms total 113.738ms
I/LatinIME:LogUtils( 1355): Dictionary info: dictionary = PersonalizationDictionary.en_US ; version = 1428414105 ; date = ?
I/art     ( 1602): Background partial concurrent mark sweep GC freed 3051(137KB) AllocSpace objects, 0(0B) LOS objects, 45% free, 609KB/1121KB, paused 1.810ms total 169.329ms
I/art     ( 1244): Background sticky concurrent mark sweep GC freed 10588(908KB) AllocSpace objects, 3(115KB) LOS objects, 15% free, 6MB/7MB, paused 1.539ms total 260.544ms
E/libprocessgroup( 1637): failed to make and chown /acct/uid_10006: Read-only file system
W/Zygote  ( 1637): createProcessGroup failed, kernel missing CONFIG_CGROUP_CPUACCT?
I/ActivityManager( 1244): Start proc com.android.externalstorage for broadcast com.android.externalstorage/.MountReceiver: pid=1637 uid=10006 gids={50006, 9997, 1028, 1015, 1023} abi=x86
I/art     ( 1322): WaitForGcToComplete blocked for 23.413ms for cause Background
I/LatinIME:LogUtils( 1355): Dictionary info: dictionary = main:en ; version = 47 ; date = 1402373178
D/ExternalStorage( 1637): After updating volumes, found 1 active roots
D/ExternalStorage( 1637): After updating volumes, found 1 active roots
D/MediaScannerReceiver( 1430): action: android.intent.action.MEDIA_MOUNTED path: /storage/sdcard
I/art     (  952): Background concurrent mark sweep GC freed 777(32KB) AllocSpace objects, 0(0B) LOS objects, 82% free, 110KB/622KB, paused 12.421ms total 24.165ms
I/ActivityManager( 1244): Start proc com.android.deskclock for broadcast com.android.deskclock/com.android.alarmclock.AnalogAppWidgetProvider: pid=1656 uid=10021 gids={50021, 9997, 1028} abi=x86
E/libprocessgroup( 1656): failed to make and chown /acct/uid_10021: Read-only file system
W/Zygote  ( 1656): createProcessGroup failed, kernel missing CONFIG_CGROUP_CPUACCT?
V/ActivityManager( 1244): Display changed displayId=0
I/art     ( 1499): Background sticky concurrent mark sweep GC freed 1596(76KB) AllocSpace objects, 2(162KB) LOS objects, 0% free, 2MB/2MB, paused 23.265ms total 117.448ms
D/OpenGLRenderer( 1499): Render dirty regions requested: true
D/        ( 1499): HostConnection::get() New Host Connection established 0xa6cc8eb0, tid 1499
D/Atlas   ( 1499): Validating map...
D/WifiService( 1244): New client listening to asynchronous messages
I/art     ( 1499): Background partial concurrent mark sweep GC freed 1095(54KB) AllocSpace objects, 2(97KB) LOS objects, 25% free, 2003KB/2MB, paused 1.636ms total 107.226ms
E/BluetoothAdapter( 1322): Bluetooth binder is null
W/BluetoothController( 1322): Default BT adapter not found
D/ConnectivityService( 1244): listenForNetwork for NetworkRequest [ id=2, legacyType=-1, [] ]
D/        ( 1499): HostConnection::get() New Host Connection established 0xa6cc8f70, tid 1672
I/OpenGLRenderer( 1499): Initialized EGL, version 1.4
I/art     ( 1322): Background sticky concurrent mark sweep GC freed 119(13KB) AllocSpace objects, 0(0B) LOS objects, 4% free, 3MB/3MB, paused 1.494ms total 138.118ms
I/ContactLocale( 1602): AddressBook Labels [en-US]: [, A, B, C, D, E, F, G, H, I, J, K, L, M, N, O, P, Q, R, S, T, U, V, W, X, Y, Z, , , , , , , , , , , , , , , , , , , , , , , , , , , , , , , , , , , , , , , , , , , , , , , , , , , , , , , , , , , , , , , , , , , , , , , , , , , , , , , , , , , , , , , , , , , , , , , , , , , , , , , , , , , , , , , , , , , , , , , , , , , , , , , , , , , , , , , , , , , , , , , , , , , , , , , , , , , , , , , , , , , , , , , , , , , , , , , , , , , , , , , , , , , , #, ]
D/OpenGLRenderer( 1499): Enabling debug mode 0
D/        (  937): HostConnection::get() New Host Connection established 0xb5f2e880, tid 1600
W/EGL_emulation( 1499): eglSurfaceAttrib not implemented
W/OpenGLRenderer( 1499): Failed to set EGL_SWAP_BEHAVIOR on surface 0xa5f889a0, error=EGL_SUCCESS
D/OpenGLRenderer( 1322): Render dirty regions requested: true
D/        ( 1322): HostConnection::get() New Host Connection established 0xae1f1680, tid 1322
I/ActivityManager( 1244): Delay finish: com.android.deskclock/com.android.alarmclock.AnalogAppWidgetProvider
D/Atlas   ( 1322): Validating map...
D/PhoneStatusBar( 1322): disable: < expand icons alerts system_info back home recent clock search >
E/BluetoothAdapter( 1322): Bluetooth binder is null
D/PhoneStatusBar( 1322): heads up is enabled
I/Choreographer( 1322): Skipped 209 frames!  The application may be doing too much work on its main thread.
D/ViewRootImpl( 1322): changeCanvasOpacity: opaque=true
E/SurfaceFlinger(  937): rejecting buffer: bufWidth=1200, bufHeight=1920, front.active.{w=1, h=1}
V/MediaScanner( 1430): pruneDeadThumbnailFiles... android.database.sqlite.SQLiteCursor@21e181c0
V/MediaScanner( 1430): /pruneDeadThumbnailFiles... android.database.sqlite.SQLiteCursor@21e181c0
D/        ( 1322): HostConnection::get() New Host Connection established 0xa58f9090, tid 1680
E/SurfaceFlinger(  937): rejecting buffer: bufWidth=1200, bufHeight=1920, front.active.{w=1, h=1}
I/ActivityManager( 1244): Displayed com.android.launcher/com.android.launcher2.Launcher: +5s895ms
I/OpenGLRenderer( 1322): Initialized EGL, version 1.4
D/        (  937): HostConnection::get() New Host Connection established 0xb5f2ee50, tid 1681
D/OpenGLRenderer( 1322): Enabling debug mode 0
W/EGL_emulation( 1499): eglSurfaceAttrib not implemented
W/OpenGLRenderer( 1499): Failed to set EGL_SWAP_BEHAVIOR on surface 0xa5f889a0, error=EGL_SUCCESS
W/EGL_emulation( 1322): eglSurfaceAttrib not implemented
W/OpenGLRenderer( 1322): Failed to set EGL_SWAP_BEHAVIOR on surface 0xa5849400, error=EGL_SUCCESS
W/EGL_emulation( 1322): eglSurfaceAttrib not implemented
W/OpenGLRenderer( 1322): Failed to set EGL_SWAP_BEHAVIOR on surface 0xa5849420, error=EGL_SUCCESS
I/art     ( 1322): Background sticky concurrent mark sweep GC freed 2774(172KB) AllocSpace objects, 0(0B) LOS objects, 0% free, 11MB/11MB, paused 1.805ms total 112.655ms
I/art     ( 1322): Background partial concurrent mark sweep GC freed 508(53KB) AllocSpace objects, 0(0B) LOS objects, 14% free, 11MB/13MB, paused 21.260ms total 81.284ms
I/ActivityManager( 1244): Resuming delayed broadcast
I/art     (  952): Background concurrent mark sweep GC freed 784(33KB) AllocSpace objects, 0(0B) LOS objects, 82% free, 111KB/623KB, paused 12.169ms total 21.839ms
I/ActivityManager( 1244): Start proc com.android.music for broadcast com.android.music/.MediaButtonIntentReceiver: pid=1683 uid=10033 gids={50033, 9997, 3003, 1028, 1015} abi=x86
E/libprocessgroup( 1683): failed to make and chown /acct/uid_10033: Read-only file system
W/Zygote  ( 1683): createProcessGroup failed, kernel missing CONFIG_CGROUP_CPUACCT?
W/WindowManager( 1244): Window freeze timeout expired.
W/WindowManager( 1244): Force clearing orientation change: Window{2768165e u0 NavigationBar}
W/WindowManager( 1244): Force clearing orientation change: Window{22e78947 u0 StatusBar}
W/WindowManager( 1244): Force clearing orientation change: Window{1906eda5 u0 com.android.systemui.ImageWallpaper}
V/KeyguardServiceDelegate( 1244): *** Keyguard started
W/KeyguardServiceDelegate( 1244): onScreenTurnedOn(): no keyguard service!
I/art     ( 1499): Background sticky concurrent mark sweep GC freed 2433(116KB) AllocSpace objects, 15(1278KB) LOS objects, 8% free, 6MB/6MB, paused 1.878ms total 124.782ms
W/ResourceType( 1499): No package identifier when getting value for resource number 0x00000000
W/ResourceType( 1499): No package identifier when getting value for resource number 0x00000000
W/PackageManager( 1499): Failure retrieving resources for com.android.speechrecorder: Resource ID #0x0
W/ResourceType( 1499): No package identifier when getting value for resource number 0x00000000
W/PackageManager( 1499): Failure retrieving resources for com.android.speechrecorder: Resource ID #0x0
W/OpenGLRenderer( 1499): Incorrectly called buildLayer on View: ShortcutAndWidgetContainer, destroying layer...
W/OpenGLRenderer( 1499): Incorrectly called buildLayer on View: ShortcutAndWidgetContainer, destroying layer...
W/WindowManager( 1244): Timeout waiting for drawn: undrawn=[Window{22e78947 u0 StatusBar}]
D/WifiService( 1244): New client listening to asynchronous messages
I/Choreographer( 1322): Skipped 184 frames!  The application may be doing too much work on its main thread.
D/OpenGLRenderer( 1322): setting property extraRasterBucket to 0.95
D/OpenGLRenderer( 1322):     failed
D/OpenGLRenderer( 1322): setting property extraRasterBucket to 0.0
D/OpenGLRenderer( 1322):     failed
I/SurfaceFlinger(  937): Boot is finished (31547 ms)
V/KeyguardServiceDelegate( 1244): *** Keyguard connected (yay!)
D/VoldCmdListener(  936): cryptfs getpw
D/VoldCmdListener(  936): cryptfs clearpw
D/PhoneStatusBar( 1322): disable: < expand icons alerts system_info back HOME* RECENT* clock SEARCH* >
D/PhoneStatusBar( 1322): disable: < expand ICONS* alerts SYSTEM_INFO* back HOME RECENT clock SEARCH >
D/PhoneStatusBar( 1322): disable: < expand ICONS alerts SYSTEM_INFO back HOME RECENT clock SEARCH >
I/art     ( 1244): Background partial concurrent mark sweep GC freed 9154(689KB) AllocSpace objects, 8(411KB) LOS objects, 19% free, 6MB/7MB, paused 12.083ms total 48.675ms
W/EGL_emulation( 1322): eglSurfaceAttrib not implemented
W/OpenGLRenderer( 1322): Failed to set EGL_SWAP_BEHAVIOR on surface 0xa5849400, error=EGL_SUCCESS
V/KeyguardServiceDelegate( 1244): **** SHOWN CALLED ****
I/SystemServiceManager( 1244): Starting phase 1000
I/ActivityManager( 1244): Start proc com.android.keychain for service com.android.keychain/.KeyChainService: pid=1710 uid=1000 gids={41000, 9997, 1028, 1015, 3002, 3001, 3003} abi=x86
E/libprocessgroup( 1710): failed to make and chown /acct/uid_1000: Read-only file system
W/Zygote  ( 1710): createProcessGroup failed, kernel missing CONFIG_CGROUP_CPUACCT?
I/ActivityManager( 1244): Delay finish: android/com.android.server.BootReceiver
I/RecoverySystem( 1244): No recovery log file
I/BootReceiver( 1244): Copying audit failures to DropBox
I/BootReceiver( 1244): Checking for fsck errors
I/art     ( 1430): WaitForGcToComplete blocked for 7.009ms for cause DisableMovingGc
D/AndroidRuntime( 1730): 
D/AndroidRuntime( 1730): >>>>>> AndroidRuntime START com.android.internal.os.RuntimeInit <<<<<<
D/AndroidRuntime( 1730): CheckJNI is ON
E/memtrack( 1730): Couldn't load memtrack module (No such file or directory)
E/android.os.Debug( 1730): failed to load memtrack module: -2
D/AndroidRuntime( 1730): Calling main entry com.android.commands.input.Input
I/Input   ( 1730): injectKeyEvent: KeyEvent { action=ACTION_DOWN, keyCode=KEYCODE_MENU, scanCode=0, metaState=0, flags=0x0, repeatCount=0, eventTime=35522, downTime=35522, deviceId=-1, source=0x101 }
I/Input   ( 1730): injectKeyEvent: KeyEvent { action=ACTION_UP, keyCode=KEYCODE_MENU, scanCode=0, metaState=0, flags=0x0, repeatCount=0, eventTime=35522, downTime=35522, deviceId=-1, source=0x101 }
D/AndroidRuntime( 1730): Shutting down VM
D/PhoneStatusBar( 1322): disable: < expand ICONS alerts SYSTEM_INFO back HOME RECENT clock SEARCH >
D/PhoneStatusBar( 1322): disable: < expand icons* alerts system_info* back HOME RECENT clock SEARCH >
W/InputMethodManagerService( 1244): Window already focused, ignoring focus gain of: com.android.internal.view.IInputMethodClient$Stub$Proxy@3c7b6f5 attribute=null, token = android.os.BinderProxy@2b968a7c
W/EGL_emulation( 1322): eglSurfaceAttrib not implemented
W/OpenGLRenderer( 1322): Failed to set EGL_SWAP_BEHAVIOR on surface 0xa47476e0, error=EGL_SUCCESS
D/PhoneStatusBar( 1322): disable: < expand icons alerts system_info back home* recent* clock search* >
W/EGL_emulation( 1322): eglSurfaceAttrib not implemented
W/OpenGLRenderer( 1322): Failed to set EGL_SWAP_BEHAVIOR on surface 0xa5849400, error=EGL_SUCCESS
W/AudioTrack( 1244): AUDIO_OUTPUT_FLAG_FAST denied by client
W/View    ( 1499): requestLayout() improperly called by com.android.launcher2.PagedViewIcon{eba5215 VFED..CL ......ID 0,0-192,216 #0} during layout: running second layout pass
W/View    ( 1499): requestLayout() improperly called by com.android.launcher2.PagedViewIcon{1b95892a VFED..CL ......ID 240,0-432,216 #1} during layout: running second layout pass
W/View    ( 1499): requestLayout() improperly called by com.android.launcher2.PagedViewIcon{ef2631b VFED..CL ......ID 480,0-672,216 #2} during layout: running second layout pass
W/View    ( 1499): requestLayout() improperly called by com.android.launcher2.PagedViewIcon{39489cb8 VFED..CL ......ID 720,0-912,216 #3} during layout: running second layout pass
W/View    ( 1499): requestLayout() improperly called by com.android.launcher2.PagedViewIcon{31fafa91 VFED..CL ......ID 960,0-1152,216 #4} during layout: running second layout pass
W/View    ( 1499): requestLayout() improperly called by com.android.launcher2.PagedViewIcon{1d5b0df6 VFED..CL ......ID 0,264-192,480 #5} during layout: running second layout pass
W/View    ( 1499): requestLayout() improperly called by com.android.launcher2.PagedViewIcon{4a15f7 VFED..CL ......ID 240,264-432,480 #6} during layout: running second layout pass
W/View    ( 1499): requestLayout() improperly called by com.android.launcher2.PagedViewIcon{2646cc64 VFED..CL ......ID 480,264-672,480 #7} during layout: running second layout pass
W/View    ( 1499): requestLayout() improperly called by com.android.launcher2.PagedViewIcon{17c3aecd VFED..CL ......ID 720,264-912,480 #8} during layout: running second layout pass
W/View    ( 1499): requestLayout() improperly called by com.android.launcher2.PagedViewIcon{3d221382 VFED..CL ......ID 960,264-1152,480 #9} during layout: running second layout pass
W/View    ( 1499): requestLayout() improperly called by com.android.launcher2.PagedViewIcon{2001a93 VFED..CL ......ID 0,528-192,744 #a} during layout: running second layout pass
W/View    ( 1499): requestLayout() improperly called by com.android.launcher2.PagedViewIcon{2d64ad0 VFED..CL ......ID 240,528-432,744 #b} during layout: running second layout pass
W/View    ( 1499): requestLayout() improperly called by com.android.launcher2.PagedViewIcon{2ce96ac9 VFED..CL ......ID 480,528-672,744 #c} during layout: running second layout pass
W/View    ( 1499): requestLayout() improperly called by com.android.launcher2.PagedViewIcon{1e61e5ce VFED..CL ......ID 720,528-912,744 #d} during layout: running second layout pass
W/View    ( 1499): requestLayout() improperly called by com.android.launcher2.PagedViewIcon{f07ccef VFED..CL ......ID 960,528-1152,744 #e} during layout: running second layout pass
W/View    ( 1499): requestLayout() improperly called by com.android.launcher2.PagedViewIcon{369d43fc VFED..CL ......ID 0,792-192,1008 #f} during layout: running second layout pass
W/View    ( 1499): requestLayout() improperly called by com.android.launcher2.PagedViewIcon{3c94ea85 VFED..CL ......ID 240,792-432,1008 #10} during layout: running second layout pass
W/View    ( 1499): requestLayout() improperly called by com.android.launcher2.PagedViewIcon{12ba90da VFED..CL ......ID 480,792-672,1008 #11} during layout: running second layout pass
W/View    ( 1499): requestLayout() improperly called by com.android.launcher2.PagedViewIcon{342e490b VFED..CL ......ID 720,792-912,1008 #12} during layout: running second layout pass
W/View    ( 1499): requestLayout() improperly called by com.android.launcher2.PagedViewIcon{1b78a3e8 VFED..CL ......ID 960,792-1152,1008 #13} during layout: running second layout pass
W/View    ( 1499): requestLayout() improperly called by com.android.launcher2.PagedViewIcon{21beaa01 VFED..CL ......ID 0,1056-192,1272 #14} during layout: running second layout pass
W/View    ( 1499): requestLayout() improperly called by com.android.launcher2.PagedViewIcon{33c0e0a6 VFED..CL ......ID 240,1056-432,1272 #15} during layout: running second layout pass
D/Error   ( 1499): ERR: exClass=android.os.StrictMode$StrictModeDiskWriteViolation
D/Error   ( 1499): ERR: exMsg=policy=2695 violation=1
D/Error   ( 1499): ERR: file=StrictMode.java
D/Error   ( 1499): ERR: class=android.os.StrictMode$AndroidBlockGuardPolicy
D/Error   ( 1499): ERR: method=onWriteToDisk line=1111
D/Error   ( 1499): ERR: stack=android.os.StrictMode$StrictModeDiskWriteViolation: policy=2695 violation=1
D/Error   ( 1499): 	at android.os.StrictMode$AndroidBlockGuardPolicy.onWriteToDisk(StrictMode.java:1111)
D/Error   ( 1499): 	at android.database.sqlite.SQLiteConnection.applyBlockGuardPolicy(SQLiteConnection.java:1043)
D/Error   ( 1499): 	at android.database.sqlite.SQLiteConnection.executeForString(SQLiteConnection.java:638)
D/Error   ( 1499): 	at android.database.sqlite.SQLiteConnection.setJournalMode(SQLiteConnection.java:320)
D/Error   ( 1499): 	at android.database.sqlite.SQLiteConnection.setWalModeFromConfiguration(SQLiteConnection.java:294)
D/Error   ( 1499): 	at android.database.sqlite.SQLiteConnection.open(SQLiteConnection.java:215)
D/Error   ( 1499): 	at android.database.sqlite.SQLiteConnection.open(SQLiteConnection.java:193)
D/Error   ( 1499): 	at android.database.sqlite.SQLiteConnectionPool.openConnectionLocked(SQLiteConnectionPool.java:463)
D/Error   ( 1499): 	at android.database.sqlite.SQLiteConnectionPool.open(SQLiteConnectionPool.java:185)
D/Error   ( 1499): 	at android.database.sqlite.SQLiteConnectionPool.open(SQLiteConnectionPool.java:177)
D/Error   ( 1499): 	at android.database.sqlite.SQLiteDatabase.openInner(SQLiteDatabase.java:806)
D/Error   ( 1499): 	at android.database.sqlite.SQLiteDatabase.open(SQLiteDatabase.java:791)
D/Error   ( 1499): 	at android.database.sqlite.SQLiteDatabase.openDatabase(SQLiteDatabase.java:694)
D/Error   ( 1499): 	at android.app.ContextImpl.openOrCreateDatabase(ContextImpl.java:1142)
D/Error   ( 1499): 	at android.content.ContextWrapper.openOrCreateDatabase(ContextWrapper.java:267)
D/Error   ( 1499): 	at android.database.sqlite.SQLiteOpenHelper.getDatabaseLocked(SQLiteOpenHelper.java:223)
D/Error   ( 1499): 	at android.database.sqlite.SQLiteOpenHelper.getWritableDatabase(SQLiteOpenHelper.java:163)
D/Error   ( 1499): 	at com.android.launcher2.WidgetPreviewLoader.clearDb(WidgetPreviewLoader.java:375)
D/Error   ( 1499): 	at com.android.launcher2.WidgetPreviewLoader.<init>(WidgetPreviewLoader.java:170)
D/Error   ( 1499): 	at com.android.launcher2.AppsCustomizePagedView.onDataReady(AppsCustomizePagedView.java:358)
D/Error   ( 1499): 	at com.android.launcher2.AppsCustomizePagedView.onMeasure(AppsCustomizePagedView.java:442)
D/Error   ( 1499): 	at android.view.View.measure(View.java:17430)
D/Error   ( 1499): 	at android.view.ViewGroup.measureChildWithMargins(ViewGroup.java:5463)
D/Error   ( 1499): 	at android.widget.FrameLayout.onMeasure(FrameLayout.java:430)
D/Error   ( 1499): 	at android.view.View.measure(View.java:17430)
D/Error   ( 1499): 	at android.view.ViewGroup.measureChildWithMargins(ViewGroup.java:5463)
D/Error   ( 1499): 	at android.widget.LinearLayout.measureChildBeforeLayout(LinearLayout.java:1436)
D/Error   ( 1499): 	at android.widget.LinearLayout.measureVertical(LinearLayout.java:722)
D/Error   ( 1499): 	at android.widget.LinearLayout.onMeasure(LinearLayout.java:613)
D/Error   ( 1499): 	at android.view.View.measure(View.java:17430)
D/Error   ( 1499): 	at android.view.ViewGroup.measureChildWithMargins(ViewGroup.java:5463)
D/Error   ( 1499): 	at android.widget.FrameLayout.onMeasure(FrameLayout.java:430)
D/Error   ( 1499): 	at com.android.launcher2.AppsCustomizeTabHost.onMeasure(AppsCustomizeTabHost.java:146)
D/Error   ( 1499): 	at android.view.View.measure(View.java:17430)
D/Error   ( 1499): 	at android.view.ViewGroup.measureChildWithMargins(ViewGroup.java:5463)
D/Error   ( 1499): 	at android.widget.FrameLayout.onMeasure(FrameLayout.java:430)
D/Error   ( 1499): 	at android.view.View.measure(View.java:17430)
D/Error   ( 1499): 	at android.view.ViewGroup.measureChildWithMargins(ViewGroup.java:5463)
D/Error   ( 1499): 	at android.widget.FrameLayout.onMeasure(FrameLayout.java:430)
D/Error   ( 1499): 	at android.view.View.measure(View.java:17430)
D/Error   ( 1499): 	at android.view.ViewGroup.measureChildWithMargins(ViewGroup.java:5463)
D/Error   ( 1499): 	at android.widget.FrameLayout.onMeasure(FrameLayout.java:430)
D/Error   ( 1499): 	at android.view.View.measure(View.java:17430)
D/Error   ( 1499): 	at android.view.ViewGroup.measureChildWithMargins(ViewGroup.java:5463)
D/Error   ( 1499): 	at android.widget.LinearLayout.measureChildBeforeLayout(LinearLayout.java:1436)
D/Error   ( 1499): 	at android.widget.LinearLayout.measureVertical(LinearLayout.java:722)
D/Error   ( 1499): 	at android.widget.LinearLayout.onMeasure(LinearLayout.java:613)
D/Error   ( 1499): 	at android.view.View.measure(View.java:17430)
D/Error   ( 1499): 	at android.view.ViewGroup.measureChildWithMargins(ViewGroup.java:5463)
D/Error   ( 1499): 	at android.widget.FrameLayout.onMeasure(FrameLayout.java:430)
D/Error   ( 1499): 	at com.android.internal.policy.impl.PhoneWindow$DecorView.onMeasure(PhoneWindow.java:2560)
D/Error   ( 1499): 	at android.view.View.measure(View.java:17430)
D/Error   ( 1499): 	at android.view.ViewRootImpl.performMeasure(ViewRootImpl.java:2001)
D/Error   ( 1499): 	at android.view.ViewRootImpl.measureHierarchy(ViewRootImpl.java:1166)
D/Error   ( 1499): 	at android.view.ViewRootImpl.performTraversals(
D/Error   ( 1499): ERR: TOTAL BYTES WRITTEN: 10300
D/Error   ( 1499): ERR: exClass=android.os.StrictMode$StrictModeDiskWriteViolation
D/Error   ( 1499): ERR: exMsg=policy=2695 violation=1
D/Error   ( 1499): ERR: file=StrictMode.java
D/Error   ( 1499): ERR: class=android.os.StrictMode$AndroidBlockGuardPolicy
D/Error   ( 1499): ERR: method=onWriteToDisk line=1111
D/Error   ( 1499): ERR: stack=android.os.StrictMode$StrictModeDiskWriteViolation: policy=2695 violation=1
D/Error   ( 1499): 	at android.os.StrictMode$AndroidBlockGuardPolicy.onWriteToDisk(StrictMode.java:1111)
D/Error   ( 1499): 	at android.database.sqlite.SQLiteConnection.applyBlockGuardPolicy(SQLiteConnection.java:1043)
D/Error   ( 1499): 	at android.database.sqlite.SQLiteConnection.executeForString(SQLiteConnection.java:638)
D/Error   ( 1499): 	at android.database.sqlite.SQLiteConnection.setJournalMode(SQLiteConnection.java:323)
D/Error   ( 1499): 	at android.database.sqlite.SQLiteConnection.setWalModeFromConfiguration(SQLiteConnection.java:294)
D/Error   ( 1499): 	at android.database.sqlite.SQLiteConnection.open(SQLiteConnection.java:215)
D/Error   ( 1499): 	at android.database.sqlite.SQLiteConnection.open(SQLiteConnection.java:193)
D/Error   ( 1499): 	at android.database.sqlite.SQLiteConnectionPool.openConnectionLocked(SQLiteConnectionPool.java:463)
D/Error   ( 1499): 	at android.database.sqlite.SQLiteConnectionPool.open(SQLiteConnectionPool.java:185)
D/Error   ( 1499): 	at android.database.sqlite.SQLiteConnectionPool.open(SQLiteConnectionPool.java:177)
D/Error   ( 1499): 	at android.database.sqlite.SQLiteDatabase.openInner(SQLiteDatabase.java:806)
D/Error   ( 1499): 	at android.database.sqlite.SQLiteDatabase.open(SQLiteDatabase.java:791)
D/Error   ( 1499): 	at android.database.sqlite.SQLiteDatabase.openDatabase(SQLiteDatabase.java:694)
D/Error   ( 1499): 	at android.app.ContextImpl.openOrCreateDatabase(ContextImpl.java:1142)
D/Error   ( 1499): 	at android.content.ContextWrapper.openOrCreateDatabase(ContextWrapper.java:267)
D/Error   ( 1499): 	at android.database.sqlite.SQLiteOpenHelper.getDatabaseLocked(SQLiteOpenHelper.java:223)
D/Error   ( 1499): 	at android.database.sqlite.SQLiteOpenHelper.getWritableDatabase(SQLiteOpenHelper.java:163)
D/Error   ( 1499): 	at com.android.launcher2.WidgetPreviewLoader.clearDb(WidgetPreviewLoader.java:375)
D/Error   ( 1499): 	at com.android.launcher2.WidgetPreviewLoader.<init>(WidgetPreviewLoader.java:170)
D/Error   ( 1499): 	at com.android.launcher2.AppsCustomizePagedView.onDataReady(AppsCustomizePagedView.java:358)
D/Error   ( 1499): 	at com.android.launcher2.AppsCustomizePagedView.onMeasure(AppsCustomizePagedView.java:442)
D/Error   ( 1499): 	at android.view.View.measure(View.java:17430)
D/Error   ( 1499): 	at android.view.ViewGroup.measureChildWithMargins(ViewGroup.java:5463)
D/Error   ( 1499): 	at android.widget.FrameLayout.onMeasure(FrameLayout.java:430)
D/Error   ( 1499): 	at android.view.View.measure(View.java:17430)
D/Error   ( 1499): 	at android.view.ViewGroup.measureChildWithMargins(ViewGroup.java:5463)
D/Error   ( 1499): 	at android.widget.LinearLayout.measureChildBeforeLayout(LinearLayout.java:1436)
D/Error   ( 1499): 	at android.widget.LinearLayout.measureVertical(LinearLayout.java:722)
D/Error   ( 1499): 	at android.widget.LinearLayout.onMeasure(LinearLayout.java:613)
D/Error   ( 1499): 	at android.view.View.measure(View.java:17430)
D/Error   ( 1499): 	at android.view.ViewGroup.measureChildWithMargins(ViewGroup.java:5463)
D/Error   ( 1499): 	at android.widget.FrameLayout.onMeasure(FrameLayout.java:430)
D/Error   ( 1499): 	at com.android.launcher2.AppsCustomizeTabHost.onMeasure(AppsCustomizeTabHost.java:146)
D/Error   ( 1499): 	at android.view.View.measure(View.java:17430)
D/Error   ( 1499): 	at android.view.ViewGroup.measureChildWithMargins(ViewGroup.java:5463)
D/Error   ( 1499): 	at android.widget.FrameLayout.onMeasure(FrameLayout.java:430)
D/Error   ( 1499): 	at android.view.View.measure(View.java:17430)
D/Error   ( 1499): 	at android.view.ViewGroup.measureChildWithMargins(ViewGroup.java:5463)
D/Error   ( 1499): 	at android.widget.FrameLayout.onMeasure(FrameLayout.java:430)
D/Error   ( 1499): 	at android.view.View.measure(View.java:17430)
D/Error   ( 1499): 	at android.view.ViewGroup.measureChildWithMargins(ViewGroup.java:5463)
D/Error   ( 1499): 	at android.widget.FrameLayout.onMeasure(FrameLayout.java:430)
D/Error   ( 1499): 	at android.view.View.measure(View.java:17430)
D/Error   ( 1499): 	at android.view.ViewGroup.measureChildWithMargins(ViewGroup.java:5463)
D/Error   ( 1499): 	at android.widget.LinearLayout.measureChildBeforeLayout(LinearLayout.java:1436)
D/Error   ( 1499): 	at android.widget.LinearLayout.measureVertical(LinearLayout.java:722)
D/Error   ( 1499): 	at android.widget.LinearLayout.onMeasure(LinearLayout.java:613)
D/Error   ( 1499): 	at android.view.View.measure(View.java:17430)
D/Error   ( 1499): 	at android.view.ViewGroup.measureChildWithMargins(ViewGroup.java:5463)
D/Error   ( 1499): 	at android.widget.FrameLayout.onMeasure(FrameLayout.java:430)
D/Error   ( 1499): 	at com.android.internal.policy.impl.PhoneWindow$DecorView.onMeasure(PhoneWindow.java:2560)
D/Error   ( 1499): 	at android.view.View.measure(View.java:17430)
D/Error   ( 1499): 	at android.view.ViewRootImpl.performMeasure(ViewRootImpl.java:2001)
D/Error   ( 1499): 	at android.view.ViewRootImpl.measureHierarchy(ViewRootImpl.java:1166)
D/Error   ( 1499): 	at android.view.ViewRootImpl.performTraversals(
D/Error   ( 1499): ERR: TOTAL BYTES WRITTEN: 10300
D/Error   ( 1499): ERR: exClass=android.os.StrictMode$StrictModeDiskReadViolation
D/Error   ( 1499): ERR: exMsg=policy=2695 violation=2
D/Error   ( 1499): ERR: file=StrictMode.java
D/Error   ( 1499): ERR: class=android.os.StrictMode$AndroidBlockGuardPolicy
D/Error   ( 1499): ERR: method=onReadFromDisk line=1137
D/Error   ( 1499): ERR: stack=android.os.StrictMode$StrictModeDiskReadViolation: policy=2695 violation=2
D/Error   ( 1499): 	at android.os.StrictMode$AndroidBlockGuardPolicy.onReadFromDisk(StrictMode.java:1137)
D/Error   ( 1499): 	at android.database.sqlite.SQLiteConnection.applyBlockGuardPolicy(SQLiteConnection.java:1041)
D/Error   ( 1499): 	at android.database.sqlite.SQLiteConnection.executeForString(SQLiteConnection.java:638)
D/Error   ( 1499): 	at android.database.sqlite.SQLiteConnection.setSyncMode(SQLiteConnection.java:301)
D/Error   ( 1499): 	at android.database.sqlite.SQLiteConnection.setWalModeFromConfiguration(SQLiteConnection.java:295)
D/Error   ( 1499): 	at android.database.sqlite.SQLiteConnection.open(SQLiteConnection.java:215)
D/Error   ( 1499): 	at android.database.sqlite.SQLiteConnection.open(SQLiteConnection.java:193)
D/Error   ( 1499): 	at android.database.sqlite.SQLiteConnectionPool.openConnectionLocked(SQLiteConnectionPool.java:463)
D/Error   ( 1499): 	at android.database.sqlite.SQLiteConnectionPool.open(SQLiteConnectionPool.java:185)
D/Error   ( 1499): 	at android.database.sqlite.SQLiteConnectionPool.open(SQLiteConnectionPool.java:177)
D/Error   ( 1499): 	at android.database.sqlite.SQLiteDatabase.openInner(SQLiteDatabase.java:806)
D/Error   ( 1499): 	at android.database.sqlite.SQLiteDatabase.open(SQLiteDatabase.java:791)
D/Error   ( 1499): 	at android.database.sqlite.SQLiteDatabase.openDatabase(SQLiteDatabase.java:694)
D/Error   ( 1499): 	at android.app.ContextImpl.openOrCreateDatabase(ContextImpl.java:1142)
D/Error   ( 1499): 	at android.content.ContextWrapper.openOrCreateDatabase(ContextWrapper.java:267)
D/Error   ( 1499): 	at android.database.sqlite.SQLiteOpenHelper.getDatabaseLocked(SQLiteOpenHelper.java:223)
D/Error   ( 1499): 	at android.database.sqlite.SQLiteOpenHelper.getWritableDatabase(SQLiteOpenHelper.java:163)
D/Error   ( 1499): 	at com.android.launcher2.WidgetPreviewLoader.clearDb(WidgetPreviewLoader.java:375)
D/Error   ( 1499): 	at com.android.launcher2.WidgetPreviewLoader.<init>(WidgetPreviewLoader.java:170)
D/Error   ( 1499): 	at com.android.launcher2.AppsCustomizePagedView.onDataReady(AppsCustomizePagedView.java:358)
D/Error   ( 1499): 	at com.android.launcher2.AppsCustomizePagedView.onMeasure(AppsCustomizePagedView.java:442)
D/Error   ( 1499): 	at android.view.View.measure(View.java:17430)
D/Error   ( 1499): 	at android.view.ViewGroup.measureChildWithMargins(ViewGroup.java:5463)
D/Error   ( 1499): 	at android.widget.FrameLayout.onMeasure(FrameLayout.java:430)
D/Error   ( 1499): 	at android.view.View.measure(View.java:17430)
D/Error   ( 1499): 	at android.view.ViewGroup.measureChildWithMargins(ViewGroup.java:5463)
D/Error   ( 1499): 	at android.widget.LinearLayout.measureChildBeforeLayout(LinearLayout.java:1436)
D/Error   ( 1499): 	at android.widget.LinearLayout.measureVertical(LinearLayout.java:722)
D/Error   ( 1499): 	at android.widget.LinearLayout.onMeasure(LinearLayout.java:613)
D/Error   ( 1499): 	at android.view.View.measure(View.java:17430)
D/Error   ( 1499): 	at android.view.ViewGroup.measureChildWithMargins(ViewGroup.java:5463)
D/Error   ( 1499): 	at android.widget.FrameLayout.onMeasure(FrameLayout.java:430)
D/Error   ( 1499): 	at com.android.launcher2.AppsCustomizeTabHost.onMeasure(AppsCustomizeTabHost.java:146)
D/Error   ( 1499): 	at android.view.View.measure(View.java:17430)
D/Error   ( 1499): 	at android.view.ViewGroup.measureChildWithMargins(ViewGroup.java:5463)
D/Error   ( 1499): 	at android.widget.FrameLayout.onMeasure(FrameLayout.java:430)
D/Error   ( 1499): 	at android.view.View.measure(View.java:17430)
D/Error   ( 1499): 	at android.view.ViewGroup.measureChildWithMargins(ViewGroup.java:5463)
D/Error   ( 1499): 	at android.widget.FrameLayout.onMeasure(FrameLayout.java:430)
D/Error   ( 1499): 	at android.view.View.measure(View.java:17430)
D/Error   ( 1499): 	at android.view.ViewGroup.measureChildWithMargins(ViewGroup.java:5463)
D/Error   ( 1499): 	at android.widget.FrameLayout.onMeasure(FrameLayout.java:430)
D/Error   ( 1499): 	at android.view.View.measure(View.java:17430)
D/Error   ( 1499): 	at android.view.ViewGroup.measureChildWithMargins(ViewGroup.java:5463)
D/Error   ( 1499): 	at android.widget.LinearLayout.measureChildBeforeLayout(LinearLayout.java:1436)
D/Error   ( 1499): 	at android.widget.LinearLayout.measureVertical(LinearLayout.java:722)
D/Error   ( 1499): 	at android.widget.LinearLayout.onMeasure(LinearLayout.java:613)
D/Error   ( 1499): 	at android.view.View.measure(View.java:17430)
D/Error   ( 1499): 	at android.view.ViewGroup.measureChildWithMargins(ViewGroup.java:5463)
D/Error   ( 1499): 	at android.widget.FrameLayout.onMeasure(FrameLayout.java:430)
D/Error   ( 1499): 	at com.android.internal.policy.impl.PhoneWindow$DecorView.onMeasure(PhoneWindow.java:2560)
D/Error   ( 1499): 	at android.view.View.measure(View.java:17430)
D/Error   ( 1499): 	at android.view.ViewRootImpl.performMeasure(ViewRootImpl.java:2001)
D/Error   ( 1499): 	at android.view.ViewRootImpl.measureHierarchy(ViewRootImpl.java:1166)
D/Error   ( 1499): 	at android.view.ViewRootImpl.performTraversals(Vie
D/Error   ( 1499): ERR: TOTAL BYTES WRITTEN: 10296
I/art     ( 1499): Background sticky concurrent mark sweep GC freed 2466(102KB) AllocSpace objects, 0(0B) LOS objects, 0% free, 20MB/20MB, paused 2.433ms total 135.770ms
I/art     ( 1499): Background partial concurrent mark sweep GC freed 757(35KB) AllocSpace objects, 4(590KB) LOS objects, 8% free, 22MB/24MB, paused 28.079ms total 143.065ms
I/Choreographer( 1499): Skipped 85 frames!  The application may be doing too much work on its main thread.
I/art     ( 1499): Background partial concurrent mark sweep GC freed 332(27KB) AllocSpace objects, 3(1606KB) LOS objects, 4% free, 39MB/41MB, paused 76.274ms total 156.168ms
I/Choreographer( 1499): Skipped 107 frames!  The application may be doing too much work on its main thread.
I/ActivityManager( 1244): Waited long enough for: ServiceRecord{279dbf21 u0 com.android.music/.MediaPlaybackService}
I/ActivityManager( 1244): Resuming delayed broadcast
I/ActivityManager( 1244): Start proc com.android.dialer for broadcast com.android.dialer/.calllog.CallLogReceiver: pid=1748 uid=10004 gids={50004, 9997, 3003, 1028, 1015} abi=x86
E/libprocessgroup( 1748): failed to make and chown /acct/uid_10004: Read-only file system
W/Zygote  ( 1748): createProcessGroup failed, kernel missing CONFIG_CGROUP_CPUACCT?
D/ExtensionsFactory( 1748): No custom extensions.
I/ActivityManager( 1244): Delay finish: com.android.dialer/.calllog.CallLogReceiver
I/ActivityManager( 1244): Resuming delayed broadcast
W/art     ( 1478): Suspending all threads took: 28.642ms
I/art     ( 1478): Background sticky concurrent mark sweep GC freed 2328(126KB) AllocSpace objects, 0(0B) LOS objects, 33% free, 414KB/623KB, paused 30.445ms total 104.702ms
I/art     ( 1478): WaitForGcToComplete blocked for 26.013ms for cause Background
W/art     ( 1478): Suspending all threads took: 17.508ms
I/art     ( 1478): Background partial concurrent mark sweep GC freed 515(52KB) AllocSpace objects, 0(0B) LOS objects, 46% free, 592KB/1104KB, paused 45.730ms total 126.255ms
D/ConnectivityService( 1244): Got NetworkFactory Messenger for Telephony
D/TelephonyProvider( 1478): dbh.onOpen: ok, queried table=siminfo
D/TelephonyProvider( 1478): dbh.onOpen: ok, queried table=carriers
I/art     ( 1478): WaitForGcToComplete blocked for 12.035ms for cause Background
W/AudioTrack( 1244): AUDIO_OUTPUT_FLAG_FAST denied by client
W/art     ( 1478): Suspending all threads took: 8.812ms
I/art     ( 1478): Background partial concurrent mark sweep GC freed 2461(271KB) AllocSpace objects, 0(0B) LOS objects, 32% free, 1060KB/1572KB, paused 11.087ms total 118.583ms
D/GpsLocationProvider( 1244): received SIM realted action: android.intent.action.SIM_STATE_CHANGED
D/GpsLocationProvider( 1244): SIM MCC/MNC is still not available
D/DcSwitchState( 1478): [DcSwitchState-0] DcSwitchState constructor E
D/DcSwitchState( 1478): [DcSwitchState-0] DcSwitchState constructor X
D/DctController( 1478): [DctController] DctController(phones): Connect success: 0
I/art     ( 1478): Background sticky concurrent mark sweep GC freed 257(22KB) AllocSpace objects, 0(0B) LOS objects, 26% free, 1153KB/1572KB, paused 7.202ms total 42.864ms
I/art     ( 1244): Background sticky concurrent mark sweep GC freed 4950(597KB) AllocSpace objects, 13(769KB) LOS objects, 18% free, 6MB/7MB, paused 52.976ms total 79.508ms
E/BluetoothAdapter( 1478): Bluetooth binder is null
I/art     ( 1499): Background partial concurrent mark sweep GC freed 174(5KB) AllocSpace objects, 2(16MB) LOS objects, 6% free, 30MB/32MB, paused 2.158ms total 116.460ms
D/ConnectivityService( 1244): Got NetworkFactory Messenger for WIFI
D/WIFI    ( 1244): got request NetworkRequest [ id=1, legacyType=-1, [ Capabilities: INTERNET&NOT_RESTRICTED&TRUSTED&NOT_VPN] ] with score 0
E/libprocessgroup( 1780): failed to make and chown /acct/uid_10001: Read-only file system
W/Zygote  ( 1780): createProcessGroup failed, kernel missing CONFIG_CGROUP_CPUACCT?
I/ActivityManager( 1244): Start proc com.android.providers.calendar for broadcast com.android.providers.calendar/.CalendarReceiver: pid=1780 uid=10001 gids={50001, 9997, 3003, 1028, 1015} abi=x86
W/ResourcesManager( 1780): Asset path '/system/framework/android.test.runner.jar' does not exist or contains no resources.
I/art     ( 1478): Background partial concurrent mark sweep GC freed 2193(142KB) AllocSpace objects, 2(32KB) LOS objects, 28% free, 1278KB/1790KB, paused 60.039ms total 136.315ms
D/AlarmManagerService( 1244): Kernel timezone updated to 0 minutes west of GMT
D/AlarmManagerService( 1244): Setting time of day to sec=1428414128
D/TelephonyNetworkFactory( 1478): got request NetworkRequest [ id=1, legacyType=-1, [ Capabilities: INTERNET&NOT_RESTRICTED&TRUSTED&NOT_VPN] ] with score 0
D/TelephonyNetworkFactory( 1478): Cellular needs Network for NetworkRequest [ id=1, legacyType=-1, [ Capabilities: INTERNET&NOT_RESTRICTED&TRUSTED&NOT_VPN] ]
D/DctController( 1478): [DctController] EVENT_PHONE1_RADIO_OFF.
D/TelephonyDebugService( 1478): TelephonyDebugService()
D/DctController( 1478): [DctController] DataStateReceiver: phoneId= 0
D/DctController( 1478): [DctController] DataStateReceiver: ignore invalid subId=-1
I/CalendarProvider2( 1780): Created com.android.providers.calendar.CalendarAlarmManager@2959cc9a(com.android.providers.calendar.CalendarProvider2@10af39cb)
I/ActivityManager( 1244): Delay finish: com.android.providers.downloads/.DownloadReceiver
D/MccTable( 1478): updateMccMncConfiguration mccmnc='310260' fromServiceState=true
D/MccTable( 1478): updateMccMncConfiguration defaultMccMnc=
D/MccTable( 1478): updateMccMncConfiguration: mcc=310, mnc=260
D/MccTable( 1478): getLocaleFromMcc to en_us mcc=310
D/MccTable( 1478): getLocaleForLanguageCountry: skipping already persisted
D/MccTable( 1478): WIFI_COUNTRY_CODE set to us
D/WifiService( 1244): New client listening to asynchronous messages
I/WifiService( 1244): WifiService trying to set country code to us with persist set to true
E/PhoneInterfaceManager( 1478): [PhoneIntfMgr] getIccId: ICC ID is null or empty.
I/ActivityManager( 1244): Delaying start of: ServiceRecord{3507e0b5 u0 com.android.providers.calendar/.EmptyService}
I/art     ( 1462): Background partial concurrent mark sweep GC freed 1609(184KB) AllocSpace objects, 0(0B) LOS objects, 54% free, 430KB/942KB, paused 1.763ms total 315.563ms
I/Telephony( 1478): PstnIncomingCallNotifier: Registering: Handler (com.android.internal.telephony.gsm.GSMPhone) {2a613a68}
D/DctController( 1478): [DctController] DataStateReceiver: phoneId= 0
D/DctController( 1478): [DctController] DataStateReceiver: ignore invalid subId=-1
I/art     ( 1478): Background sticky concurrent mark sweep GC freed 1349(142KB) AllocSpace objects, 0(0B) LOS objects, 4% free, 1712KB/1790KB, paused 37.836ms total 240.303ms
I/art     ( 1478): Background partial concurrent mark sweep GC freed 2402(304KB) AllocSpace objects, 0(0B) LOS objects, 26% free, 1440KB/1952KB, paused 30.010ms total 48.812ms
D/GpsLocationProvider( 1244): received SIM realted action: android.intent.action.SIM_STATE_CHANGED
D/GpsLocationProvider( 1244): SIM MCC/MNC is still not available
D/GpsLocationProvider( 1244): received SIM realted action: android.intent.action.SIM_STATE_CHANGED
D/GpsLocationProvider( 1244): SIM MCC/MNC is still not available
I/CalendarProvider2( 1780): Sending notification intent: Intent { act=android.intent.action.PROVIDER_CHANGED dat=content://com.android.calendar }
W/ContentResolver( 1780): Failed to get type for: content://com.android.calendar (Unknown URL content://com.android.calendar)
I/ActivityManager( 1244): Resuming delayed broadcast
D/MccTable( 1478): updateMccMncConfiguration mccmnc='310260' fromServiceState=false
D/MccTable( 1478): updateMccMncConfiguration defaultMccMnc=
D/MccTable( 1478): updateMccMncConfiguration: mcc=310, mnc=260
D/MccTable( 1478): getLocaleFromMcc to en_us mcc=310
D/MccTable( 1478): getLocaleForLanguageCountry: skipping already persisted
D/MccTable( 1478): updateMccMncConfiguration updateConfig config={1.0 310mcc260mnc ?locale ?layoutDir ?swdp ?wdp ?hdp ?density ?lsize ?long ?orien ?uimode ?night ?touch ?keyb/?/? ?nav/?}
I/ActivityManager( 1244): Config changes=3 {1.0 310mcc260mnc en_US ldltr sw600dp w600dp h887dp 320dpi lrg port finger qwerty/v/v -nav/h s.5}
I/UsageStatsService( 1244): User[0] Flushing usage stats to disk
D/PermissionCache(  937): checking android.permission.READ_FRAME_BUFFER for uid=1000 => granted (174 us)
E/gralloc_goldfish(  937): gralloc_alloc: Mismatched usage flags: 1200 x 1920, usage b33
W/GraphicBufferAllocator(  937): alloc(1200, 1920, 1, 00000b33, ...) failed -22 (Invalid argument)
E/        (  937): GraphicBufferAlloc::createGraphicBuffer(w=1200, h=1920) failed (Invalid argument), handle=0x0
E/BufferQueueProducer(  937): [ScreenshotSurface] dequeueBuffer: createGraphicBuffer failed
I/UsageStatsDatabase( 1244): Moving file /data/system/usagestats/0/daily/1428364805215 to /data/system/usagestats/0/daily/1428364808397
I/UsageStatsDatabase( 1244): Moving file /data/system/usagestats/0/weekly/1427932805215 to /data/system/usagestats/0/weekly/1427932808397
I/UsageStatsDatabase( 1244): Moving file /data/system/usagestats/0/monthly/1428192005215 to /data/system/usagestats/0/monthly/1428192008397
I/UsageStatsDatabase( 1244): Moving file /data/system/usagestats/0/yearly/1419120005215 to /data/system/usagestats/0/yearly/1419120008397
I/art     ( 1478): Background sticky concurrent mark sweep GC freed 4964(304KB) AllocSpace objects, 0(0B) LOS objects, 19% free, 1572KB/1952KB, paused 23.418ms total 40.507ms
D/MccTable( 1478): updateMccMncConfiguration mccmnc='' fromServiceState=false
I/ActivityManager( 1244): Delay finish: com.android.providers.media/.MediaScannerReceiver
E/SQLiteLog( 1430): (283) recovered 48 frames from WAL file /data/data/com.android.providers.media/databases/internal.db-wal
I/UsageStatsService( 1244): User[0] Rollover scheduled @ 2015-04-08 00:00:00(1428451200000)
D/GpsLocationProvider( 1244): received SIM realted action: android.intent.action.ACTION_SUBINFO_RECORD_UPDATED
D/GpsLocationProvider( 1244): SIM MCC/MNC is still not available
I/art     ( 1244): Background sticky concurrent mark sweep GC freed 11626(877KB) AllocSpace objects, 17(1013KB) LOS objects, 16% free, 6MB/7MB, paused 1.853ms total 373.560ms
I/Choreographer( 1499): Skipped 250 frames!  The application may be doing too much work on its main thread.
I/MmsService( 1478): mReceiver action: android.intent.action.ACTION_SUBINFO_RECORD_UPDATED
I/Telephony( 1478): : SUBINFO_RECORD_UPDATED : 4.
I/Telephony( 1478): PstnIncomingCallNotifier: Unregistering: Handler (com.android.internal.telephony.gsm.GSMPhone) {2a613a68}
I/MmsService( 1478): MmsConfigManager.loadInBackground(): mcc/mnc: 310/260
I/MmsService( 1478): MmsConfigManager.load -- mcc/mnc for sub: {mSubId=1, mIccId=89014103211118510720 mSlotId=0 mDisplayName=SUB 01 mNameSource=0 mColor=0 mNumber=15555215554 mDisplayNumberFormat=1 mDataRoaming=0 mSimIconRes=[I@155b0d09 mMcc 310 mMnc 260}
V/MmsService( 1478): MmsConfig: mUserAgent=, mUaProfUrl=
D/MmsService( 1478): MmsConfig.loadFromResources
V/MmsService( 1478): MmsConfig: all settings -- {smsToMmsTextThreshold=-1, httpParams=, maxImageWidth=2592, enabledMMS=true, maxImageHeight=1944, aliasEnabled=false, maxMessageSize=1048576, enableMMSReadReports=false, recipientLimit=2147483647, enabledNotifyWapMMSC=false, maxSubjectLength=40, smsToMmsTextLengthThreshold=-1, enableMMSDeliveryReports=false, uaProfTagName=x-wap-profile, enableMultipartSMS=true, aliasMinChars=2, supportMmsContentDisposition=true, allowAttachAudio=true, sendMultipartSmsAsSeparateMessages=false, maxMessageTextSize=-1, emailGatewayNumber=, enableGroupMms=true, aliasMaxChars=48, httpSocketTimeout=60000, config_cellBroadcastAppLinks=true, userAgent=, naiSuffix=, uaProfUrl=, enableSMSDeliveryReports=true, enabledTransID=false}
I/art     ( 1478): Background sticky concurrent mark sweep GC freed 4204(325KB) AllocSpace objects, 0(0B) LOS objects, 13% free, 1691KB/1952KB, paused 1.931ms total 149.983ms
I/art     ( 1478): WaitForGcToComplete blocked for 50.123ms for cause HeapTrim
I/Telephony( 1478): PstnIncomingCallNotifier: Registering: Handler (com.android.internal.telephony.gsm.GSMPhone) {2a613a68}
I/art     ( 1478): WaitForGcToComplete blocked for 10.588ms for cause Background
D/Launcher.Model( 1499): Reload apps on config change. curr_mcc:310 prevmcc:0
D/GpsLocationProvider( 1244): received SIM realted action: android.intent.action.ACTION_SUBINFO_CONTENT_CHANGE
D/GpsLocationProvider( 1244): SIM MCC/MNC is available: 310260
D/GpsLocationProvider( 1244): Reset GPS properties, previous size = 5
D/GpsLocationProvider( 1244): GpsParamsResource: SUPL_HOST=supl.google.com
D/GpsLocationProvider( 1244): GpsParamsResource: SUPL_PORT=7275
D/GpsLocationProvider( 1244): GpsParamsResource: NTP_SERVER=north-america.pool.ntp.org
D/GpsLocationProvider( 1244): GpsParamsResource: SUPL_VER=0x20000
D/GpsLocationProvider( 1244): GpsParamsResource: SUPL_MODE=1
W/GpsLocationProvider( 1244): Could not open GPS configuration file /etc/gps.conf
D/GpsLocationProvider( 1244): GPS properties reloaded, size = 5
E/GpsLocationProvider( 1244): no AGPS interface in set_agps_server
E/GpsLocationProvider( 1244): no GPS configuration interface in configuraiton_update
D/GpsLocationProvider( 1244): final config = #Tue Apr 07 13:42:13 GMT+00:00 2015
D/GpsLocationProvider( 1244): SUPL_VER=0x20000
D/GpsLocationProvider( 1244): SUPL_HOST=supl.google.com
D/GpsLocationProvider( 1244): NTP_SERVER=north-america.pool.ntp.org
D/GpsLocationProvider( 1244): SUPL_PORT=7275
D/GpsLocationProvider( 1244): SUPL_MODE=1
I/MmsService( 1478): mReceiver action: android.intent.action.ACTION_SUBINFO_CONTENT_CHANGE
I/Telephony( 1478): PstnIncomingCallNotifier: Unregistering: Handler (com.android.internal.telephony.gsm.GSMPhone) {2a613a68}
I/MmsService( 1478): MmsConfigManager.loadInBackground(): mcc/mnc: 310/260
I/MmsService( 1478): MmsConfigManager.load -- mcc/mnc for sub: {mSubId=1, mIccId=89014103211118510720 mSlotId=0 mDisplayName=SUB 01 mNameSource=0 mColor=0 mNumber=15555215554 mDisplayNumberFormat=1 mDataRoaming=0 mSimIconRes=[I@3b5bfb3c mMcc 310 mMnc 260}
V/MmsService( 1478): MmsConfig: mUserAgent=, mUaProfUrl=
D/MmsService( 1478): MmsConfig.loadFromResources
V/MmsService( 1478): MmsConfig: all settings -- {smsToMmsTextThreshold=-1, httpParams=, maxImageWidth=2592, enabledMMS=true, maxImageHeight=1944, aliasEnabled=false, maxMessageSize=1048576, enableMMSReadReports=false, recipientLimit=2147483647, enabledNotifyWapMMSC=false, maxSubjectLength=40, smsToMmsTextLengthThreshold=-1, enableMMSDeliveryReports=false, uaProfTagName=x-wap-profile, enableMultipartSMS=true, aliasMinChars=2, supportMmsContentDisposition=true, allowAttachAudio=true, sendMultipartSmsAsSeparateMessages=false, maxMessageTextSize=-1, emailGatewayNumber=, enableGroupMms=true, aliasMaxChars=48, httpSocketTimeout=60000, config_cellBroadcastAppLinks=true, userAgent=, naiSuffix=, uaProfUrl=, enableSMSDeliveryReports=true, enabledTransID=false}
W/EGL_emulation( 1499): eglSurfaceAttrib not implemented
W/OpenGLRenderer( 1499): Failed to set EGL_SWAP_BEHAVIOR on surface 0xa5f889a0, error=EGL_SUCCESS
I/art     ( 1499): Background sticky concurrent mark sweep GC freed 7159(351KB) AllocSpace objects, 8(518KB) LOS objects, 2% free, 31MB/32MB, paused 1.978ms total 122.450ms
I/Telephony( 1478): PstnIncomingCallNotifier: Registering: Handler (com.android.internal.telephony.gsm.GSMPhone) {2a613a68}
W/View    ( 1499): requestLayout() improperly called by android.widget.TextView{3eaaf4ff V.ED.... ......ID 0,0-431,36 #7f0e000f app:id/widget_name} during layout: running second layout pass
W/View    ( 1499): requestLayout() improperly called by android.widget.TextView{1aa32cc V.ED.... ......ID 441,1-492,34 #7f0e0010 app:id/widget_dims} during layout: running second layout pass
W/View    ( 1499): requestLayout() improperly called by android.widget.TextView{26b9f915 V.ED.... ......ID 0,0-431,36 #7f0e000f app:id/widget_name} during layout: running second layout pass
W/View    ( 1499): requestLayout() improperly called by android.widget.TextView{2251a42a V.ED.... ......ID 441,1-492,34 #7f0e0010 app:id/widget_dims} during layout: running second layout pass
W/View    ( 1499): requestLayout() improperly called by android.widget.TextView{1f43e21b V.ED.... ......ID 0,0-431,36 #7f0e000f app:id/widget_name} during layout: running second layout pass
W/View    ( 1499): requestLayout() improperly called by android.widget.TextView{3aadafb8 V.ED.... ......ID 441,1-492,34 #7f0e0010 app:id/widget_dims} during layout: running second layout pass
W/View    ( 1499): requestLayout() improperly called by android.widget.TextView{7ce1191 V.ED.... ......ID 0,0-431,36 #7f0e000f app:id/widget_name} during layout: running second layout pass
W/View    ( 1499): requestLayout() improperly called by android.widget.TextView{33dd8f6 V.ED.... ......ID 441,1-492,34 #7f0e0010 app:id/widget_dims} during layout: running second layout pass
