--------- beginning of main
I/qemu-props(    0): connected to 'boot-properties' qemud service.
W/auditd  (  932): type=2000 audit(0.0:1): initialized
I/auditd  (  932): type=1403 audit(0.0:2): policy loaded auid=4294967295 ses=4294967295
W/auditd  (  932): type=1404 audit(0.0:3): enforcing=1 old_enforcing=0 auid=4294967295 ses=4294967295
I/qemu-props(    0): receiving..
I/qemu-props(    0): received: dalvik.vm.heapsize=64m
I/installd(    0): installd firing up
I/qemu-props(    0): receiving..
I/qemu-props(    0): received: ro.config.low_ram=true
I/qemu-props(    0): receiving..
I/qemu-props(    0): received: qemu.sf.lcd_density=320
I/qemu-props(    0): receiving..
I/qemu-props(    0): received: qemu.hw.mainkeys=0
I/qemu-props(    0): receiving..
I/qemu-props(    0): received: qemu.sf.fake_camera=none
I/qemu-props(    0): receiving..
I/qemu-props(    0): received: ro.opengles.version=131072
I/qemu-props(    0): receiving..
I/qemu-props(    0): exiting (6 properties set).
I/lowmemorykiller(    0): No kernel memory.pressure_level support (errno=2)
E/lowmemorykiller(    0): Kernel does not support memory pressure events or in-kernel low memory killer
I/Netd    (    0): Netd 1.0 starting
I/        (  946): debuggerd: Oct 10 2014 01:02:44
--------- beginning of system
I/Vold    (  936): Vold 2.1 (the revenge) firing up
D/Vold    (  936): Volume sdcard state changing -1 (Initializing) -> 0 (No-Media)
W/DirectVolume(  936): Deprecated implied prefix pattern detected, please use '/devices/platform/goldfish_mmc.0*' instead
D/Vold    (  936): Volume sdcard state changing 0 (No-Media) -> 1 (Idle-Unmounted)
I/SurfaceFlinger(  937): SurfaceFlinger is starting
I/SurfaceFlinger(  937): SurfaceFlinger's main thread ready to run. Initializing graphics H/W...
D/libEGL  (  937): loaded /system/lib/egl/libEGL_emulation.so
D/libEGL  (  937): loaded /system/lib/egl/libGLESv1_CM_emulation.so
D/libEGL  (  937): loaded /system/lib/egl/libGLESv2_emulation.so
D/        (  937): HostConnection::get() New Host Connection established 0xb701a1b0, tid 937
E/SurfaceFlinger(  937): hwcomposer module not found
W/SurfaceFlinger(  937): no suitable EGLConfig found, trying a simpler query
I/SurfaceFlinger(  937): EGL information:
I/SurfaceFlinger(  937): vendor    : Android
I/SurfaceFlinger(  937): version   : 1.4 Android META-EGL
I/SurfaceFlinger(  937): extensions: EGL_KHR_get_all_proc_addresses EGL_ANDROID_presentation_time EGL_KHR_image_base EGL_KHR_fence_sync EGL_ANDROID_image_native_buffer 
I/SurfaceFlinger(  937): Client API: OpenGL_ES
I/SurfaceFlinger(  937): EGLSurface: 8-8-8-8, config=0x1
I/SurfaceFlinger(  937): OpenGL ES informations:
I/SurfaceFlinger(  937): vendor    : Google (Intel)
I/SurfaceFlinger(  937): renderer  : Android Emulator OpenGL ES Translator (Intel(R) HD Graphics 3000)
I/SurfaceFlinger(  937): version   : OpenGL ES 2.0 (3.1.0 - Build 8.15.10.2712)
I/SurfaceFlinger(  937): extensions: GL_EXT_debug_marker GL_OES_EGL_image GL_OES_EGL_image_external GL_OES_depth24 GL_OES_depth32 GL_OES_element_index_uint GL_OES_texture_float GL_OES_texture_float_linear GL_OES_compressed_paletted_texture GL_OES_compressed_ETC1_RGB8_texture GL_OES_depth_texture GL_OES_texture_half_float GL_OES_texture_half_float_linear GL_OES_packed_depth_stencil GL_OES_vertex_half_float GL_OES_texture_npot GL_OES_rgb8_rgba8
I/SurfaceFlinger(  937): GL_MAX_TEXTURE_SIZE = 8192
I/SurfaceFlinger(  937): GL_MAX_VIEWPORT_DIMS = 8192
D/SurfaceFlinger(  937): Set power mode=2, type=0 flinger=0xb705e000
D/SurfaceFlinger(  937): shader cache generated - 24 shaders in 425.004700 ms
V/NatController(  945): runCmd(/system/bin/iptables -F natctrl_FORWARD) res=0
V/NatController(  945): runCmd(/system/bin/iptables -A natctrl_FORWARD -j DROP) res=0
V/NatController(  945): runCmd(/system/bin/iptables -t nat -F natctrl_nat_POSTROUTING) res=0
V/NatController(  945): runCmd(/system/bin/iptables -F natctrl_tether_counters) res=1
V/NatController(  945): runCmd(/system/bin/iptables -X natctrl_tether_counters) res=1
W/iptables( 1164): type=1400 audit(0.0:4): avc: denied { module_request } for kmod="ipt_TCPMSS" scontext=u:r:netd:s0 tcontext=u:r:kernel:s0 tclass=system permissive=0
V/NatController(  945): runCmd(/system/bin/iptables -N natctrl_tether_counters) res=0
V/NatController(  945): runCmd(/system/bin/iptables -t mangle -A natctrl_mangle_FORWARD -p tcp --tcp-flags SYN SYN -j TCPMSS --clamp-mss-to-pmtu) res=1
I/mediaserver(  949): ServiceManager: 0xb6116d40
I/AudioFlinger(  949): Using default 3000 mSec as standby time.
I/ServiceManager(  949): Waiting for service batterystats...
E/SurfaceFlinger(  937): ro.sf.lcd_density must be defined as a build property
D/libEGL  ( 1039): loaded /system/lib/egl/libEGL_emulation.so
D/libEGL  ( 1039): loaded /system/lib/egl/libGLESv1_CM_emulation.so
D/libEGL  ( 1039): loaded /system/lib/egl/libGLESv2_emulation.so
D/        ( 1039): HostConnection::get() New Host Connection established 0xb661a6e0, tid 1191
D/        (  937): HostConnection::get() New Host Connection established 0xb701a690, tid 1015
W/iptables( 1213): type=1400 audit(0.0:5): avc: denied { module_request } for kmod="ipt_owner" scontext=u:r:netd:s0 tcontext=u:r:kernel:s0 tclass=system permissive=0
W/iptables( 1213): type=1400 audit(0.0:6): avc: denied { module_request } for kmod="ipt_owner" scontext=u:r:netd:s0 tcontext=u:r:kernel:s0 tclass=system permissive=0
W/iptables( 1213): type=1400 audit(0.0:7): avc: denied { module_request } for kmod="ipt_owner" scontext=u:r:netd:s0 tcontext=u:r:kernel:s0 tclass=system permissive=0
I/iptables(  945): iptables: No chain/target/match by that name.
I/iptables(  945): iptables terminated by exit(1)
E/BandwidthController(  945): runIptablesCmd(): res=1 status=256 failed /system/bin/iptables -A bw_INPUT -m owner --socket-exists
W/ip6tables( 1214): type=1400 audit(0.0:8): avc: denied { module_request } for kmod="ip6t_owner" scontext=u:r:netd:s0 tcontext=u:r:kernel:s0 tclass=system permissive=0
W/ip6tables( 1214): type=1400 audit(0.0:9): avc: denied { module_request } for kmod="ip6t_owner" scontext=u:r:netd:s0 tcontext=u:r:kernel:s0 tclass=system permissive=0
W/ip6tables( 1214): type=1400 audit(0.0:10): avc: denied { module_request } for kmod="ip6t_owner" scontext=u:r:netd:s0 tcontext=u:r:kernel:s0 tclass=system permissive=0
I/ip6tables(  945): ip6tables: No chain/target/match by that name.
I/ip6tables(  945): ip6tables terminated by exit(1)
E/BandwidthController(  945): runIptablesCmd(): res=1 status=256 failed /system/bin/ip6tables -A bw_INPUT -m owner --socket-exists
E/logwrapper( 1215): executing /system/bin/ip failed: No such file or directory
E/Netd    (  945): failed to flush rules
E/CommandListener(  945): failed to initialize RouteController (Remote I/O error)
D/MDnsDS  (  945): MDnsSdListener::Hander starting up
D/MDnsDS  (  945): MDnsSdListener starting to monitor
D/MDnsDS  (  945): Going to poll with pollCount 1
D/        (  937): HostConnection::get() New Host Connection established 0xb70e1f00, tid 1017
I/ServiceManager(  949): Waiting for service batterystats...
D/AndroidRuntime(  952): 
D/AndroidRuntime(  952): >>>>>> AndroidRuntime START com.android.internal.os.ZygoteInit <<<<<<
D/AndroidRuntime(  952): CheckJNI is ON
I/art     (  952): option[0]=-Xzygote
I/art     (  952): option[1]=-Xcheck:jni
I/art     (  952): option[2]=-Xjnigreflimit:2000
I/art     (  952): option[3]=-Xstacktracefile:/data/anr/traces.txt
I/art     (  952): option[4]=exit
I/art     (  952): option[5]=vfprintf
I/art     (  952): option[6]=sensitiveThread
I/art     (  952): option[7]=-verbose:gc
I/art     (  952): option[8]=-Xms4m
I/art     (  952): option[9]=-Xmx64m
I/art     (  952): option[10]=-XX:mainThreadStackSize=24K
I/art     (  952): option[11]=-XX:LowMemoryMode
I/art     (  952): option[12]=-agentlib:jdwp=transport=dt_android_adb,suspend=n,server=y
I/art     (  952): option[13]=-Ximage-compiler-option
I/art     (  952): option[14]=--runtime-arg
I/art     (  952): option[15]=-Ximage-compiler-option
I/art     (  952): option[16]=-Xms64m
I/art     (  952): option[17]=-Ximage-compiler-option
I/art     (  952): option[18]=--runtime-arg
I/art     (  952): option[19]=-Ximage-compiler-option
I/art     (  952): option[20]=-Xmx64m
I/art     (  952): option[21]=-Ximage-compiler-option
I/art     (  952): option[22]=--image-classes-zip=/system/framework/framework.jar
I/art     (  952): option[23]=-Ximage-compiler-option
I/art     (  952): option[24]=--image-classes=preloaded-classes
I/art     (  952): option[25]=-Xcompiler-option
I/art     (  952): option[26]=--runtime-arg
I/art     (  952): option[27]=-Xcompiler-option
I/art     (  952): option[28]=-Xms64m
I/art     (  952): option[29]=-Xcompiler-option
I/art     (  952): option[30]=--runtime-arg
I/art     (  952): option[31]=-Xcompiler-option
I/art     (  952): option[32]=-Xmx512m
I/art     (  952): option[33]=-Duser.language=en
I/art     (  952): option[34]=-Duser.region=US
I/ServiceManager(  949): Waiting for service batterystats...
I/ServiceManager(  949): Waiting for service batterystats...
E/memtrack(  952): Couldn't load memtrack module (No such file or directory)
E/android.os.Debug(  952): failed to load memtrack module: -2
I/ServiceManager(  949): Waiting for service batterystats...
I/SamplingProfilerIntegration(  952): Profiling disabled.
D/Zygote  (  952): begin preload
I/Zygote  (  952): Preloading classes...
I/art     (  952): Explicit concurrent mark sweep GC freed 992(55KB) AllocSpace objects, 0(0B) LOS objects, 88% free, 69KB/581KB, paused 1.366ms total 60.181ms
I/art     (  952): Counter: 1
I/art     (  952): Explicit concurrent mark sweep GC freed 521(32KB) AllocSpace objects, 0(0B) LOS objects, 85% free, 89KB/601KB, paused 1.433ms total 11.798ms
I/art     (  952): Explicit concurrent mark sweep GC freed 638(41KB) AllocSpace objects, 0(0B) LOS objects, 84% free, 97KB/609KB, paused 1.369ms total 7.995ms
I/art     (  952): Explicit concurrent mark sweep GC freed 397(25KB) AllocSpace objects, 0(0B) LOS objects, 80% free, 121KB/633KB, paused 1.568ms total 7.430ms
I/CameraService(  949): CameraService started (pid=949)
D/EmulatedCamera_QemuClient(  949): Emulated camera list: 
I/CameraService(  949): Loaded "Emulated Camera Module" camera module
I/AudioPolicyService(  949): AudioPolicyService CSTOR in new mode
I/AudioPolicyManager(  949): loadAudioPolicyConfig() loaded /system/etc/audio_policy.conf
I/AudioFlinger(  949): loadHwModule() Loaded primary audio interface from Generic audio HW HAL (audio) handle 1
I/AudioFlinger(  949): HAL output buffer size 1024 frames, normal sink buffer size 1024 frames
I/AudioMixer(  949): found effect "Multichannel Downmix To Stereo" from The Android Open Source Project
I/AudioFlinger(  949): Using module 1 has the primary audio interface
I/AudioFlinger(  949): AudioFlinger's thread 0xb61b7000 ready to run
W/AudioFlinger(  949): Thread AudioOut_2 cannot connect to the power manager service
E/audio_hw_generic(  949): Error opening input stream format 1, channel_mask 0010, sample_rate 16000
I/AudioFlinger(  949): AudioFlinger's thread 0xb5a1f000 ready to run
E/AudioFlinger(  949): int android::load_audio_interface(const char*, audio_hw_device_t**) couldn't load audio hw module audio.r_submix (No such file or directory)
I/AudioFlinger(  949): loadHwModule() error -2 loading module r_submix 
W/AudioPolicyManager(  949): could not open HW module r_submix
W/AudioPolicyManager(  949): Input device 80000100 unreachable
E/SoundTriggerHwService(  949): couldn't load sound trigger module sound_trigger.primary (No such file or directory)
W/AudioFlinger(  949): Thread AudioOut_2 cannot connect to the power manager service
W/AudioFlinger(  949): Thread AudioOut_2 cannot connect to the power manager service
E/AudioFlinger(  949): no wake lock to update!
E/Minikin (  952): addFont failed to create font /system/fonts/NotoSansGujarati-Regular.ttf
E/Minikin (  952): addFont failed to create font /system/fonts/NotoSansGujarati-Bold.ttf
E/Minikin (  952): addFont failed to create font /system/fonts/NotoSansGujaratiUI-Regular.ttf
E/Minikin (  952): addFont failed to create font /system/fonts/NotoSansGujaratiUI-Bold.ttf
E/Minikin (  952): addFont failed to create font /system/fonts/NotoSansGurmukhi-Regular.ttf
E/Minikin (  952): addFont failed to create font /system/fonts/NotoSansGurmukhi-Bold.ttf
E/Minikin (  952): addFont failed to create font /system/fonts/NotoSansGurmukhiUI-Regular.ttf
E/Minikin (  952): addFont failed to create font /system/fonts/NotoSansGurmukhiUI-Bold.ttf
E/Minikin (  952): addFont failed to create font /system/fonts/NotoSansSinhala-Regular.ttf
E/Minikin (  952): addFont failed to create font /system/fonts/NotoSansSinhala-Bold.ttf
E/Minikin (  952): addFont failed to create font /system/fonts/NotoSansCherokee-Regular.ttf
E/Minikin (  952): addFont failed to create font /system/fonts/NotoSansCanadianAboriginal-Regular.ttf
E/Minikin (  952): addFont failed to create font /system/fonts/NotoSansYi-Regular.ttf
E/Minikin (  952): addFont failed to create font /system/fonts/NotoSansHans-Regular.otf
E/Minikin (  952): addFont failed to create font /system/fonts/NotoSansHant-Regular.otf
E/Minikin (  952): addFont failed to create font /system/fonts/NotoSansJP-Regular.otf
E/Minikin (  952): addFont failed to create font /system/fonts/NotoSansKR-Regular.otf
W/art     (  952): Suspending all threads took: 6.175ms
I/art     (  952): Explicit concurrent mark sweep GC freed 1452(106KB) AllocSpace objects, 0(0B) LOS objects, 79% free, 129KB/641KB, paused 7.714ms total 13.701ms
I/art     (  952): Explicit concurrent mark sweep GC freed 1938(93KB) AllocSpace objects, 0(0B) LOS objects, 74% free, 174KB/686KB, paused 1.382ms total 8.671ms
I/art     (  952): Explicit concurrent mark sweep GC freed 1984(88KB) AllocSpace objects, 0(0B) LOS objects, 70% free, 211KB/723KB, paused 1.425ms total 8.360ms
I/art     (  952): Explicit concurrent mark sweep GC freed 410(29KB) AllocSpace objects, 0(0B) LOS objects, 67% free, 247KB/759KB, paused 1.318ms total 8.233ms
I/art     (  952): Thread[1,tid=952,WaitingForJniOnLoad,Thread*=0xb4606800,peer=0x12c33140,"main"] recursive attempt to load library "/system/lib/libmedia_jni.so"
D/MtpDeviceJNI(  952): register_android_mtp_MtpDevice
I/art     (  952): Thread[1,tid=952,WaitingForJniOnLoad,Thread*=0xb4606800,peer=0x12c33140,"main"] recursive attempt to load library "/system/lib/libmedia_jni.so"
I/art     (  952): Thread[1,tid=952,WaitingForJniOnLoad,Thread*=0xb4606800,peer=0x12c33140,"main"] recursive attempt to load library "/system/lib/libmedia_jni.so"
I/art     (  952): Explicit concurrent mark sweep GC freed 668(38KB) AllocSpace objects, 0(0B) LOS objects, 66% free, 258KB/770KB, paused 1.320ms total 13.339ms
I/art     (  952): Explicit concurrent mark sweep GC freed 520(26KB) AllocSpace objects, 0(0B) LOS objects, 64% free, 286KB/798KB, paused 1.464ms total 14.214ms
I/art     (  952): Explicit concurrent mark sweep GC freed 542(31KB) AllocSpace objects, 0(0B) LOS objects, 62% free, 313KB/825KB, paused 1.330ms total 8.572ms
I/art     (  952): Explicit concurrent mark sweep GC freed 1868(109KB) AllocSpace objects, 0(0B) LOS objects, 51% free, 478KB/990KB, paused 1.318ms total 8.496ms
E/EmojiFactory_jni(  952): Failed to load libemoji.so: dlopen failed: library "libemoji.so" not found
I/art     (  952): Explicit concurrent mark sweep GC freed 365(46KB) AllocSpace objects, 0(0B) LOS objects, 39% free, 777KB/1289KB, paused 1.367ms total 9.819ms
I/art     (  952): Explicit concurrent mark sweep GC freed 440(30KB) AllocSpace objects, 0(0B) LOS objects, 39% free, 795KB/1307KB, paused 1.549ms total 19.403ms
I/art     (  952): Explicit concurrent mark sweep GC freed 778(49KB) AllocSpace objects, 0(0B) LOS objects, 39% free, 796KB/1308KB, paused 1.584ms total 12.571ms
I/art     (  952): Explicit concurrent mark sweep GC freed 875(101KB) AllocSpace objects, 0(0B) LOS objects, 38% free, 823KB/1335KB, paused 1.479ms total 9.851ms
I/art     (  952): Explicit concurrent mark sweep GC freed 623(44KB) AllocSpace objects, 0(0B) LOS objects, 38% free, 828KB/1340KB, paused 1.414ms total 8.360ms
I/art     (  952): Explicit concurrent mark sweep GC freed 259(20KB) AllocSpace objects, 0(0B) LOS objects, 37% free, 856KB/1368KB, paused 1.566ms total 14.271ms
I/art     (  952): WaitForGcToComplete blocked for 9.809ms for cause Explicit
I/art     (  952): Explicit concurrent mark sweep GC freed 31(1184B) AllocSpace objects, 0(0B) LOS objects, 29% free, 1241KB/1753KB, paused 1.374ms total 9.204ms
I/art     (  952): Explicit concurrent mark sweep GC freed 586(34KB) AllocSpace objects, 0(0B) LOS objects, 28% free, 1256KB/1768KB, paused 3.661ms total 15.735ms
I/art     (  952): Explicit concurrent mark sweep GC freed 744(44KB) AllocSpace objects, 0(0B) LOS objects, 28% free, 1260KB/1772KB, paused 1.770ms total 16.680ms
I/System  (  952): Loaded time zone names for "" in 26ms (23ms in ICU)
I/System  (  952): Loaded time zone names for "en_US" in 15ms (12ms in ICU)
I/art     (  952): Explicit concurrent mark sweep GC freed 2400(181KB) AllocSpace objects, 0(0B) LOS objects, 26% free, 1419KB/1931KB, paused 1.604ms total 14.343ms
I/art     (  952): Explicit concurrent mark sweep GC freed 136(12KB) AllocSpace objects, 0(0B) LOS objects, 25% free, 1484KB/1996KB, paused 1.329ms total 10.045ms
I/art     (  952): Explicit concurrent mark sweep GC freed 289(24KB) AllocSpace objects, 0(0B) LOS objects, 24% free, 1536KB/2MB, paused 1.625ms total 10.070ms
I/art     (  952): Explicit concurrent mark sweep GC freed 678(47KB) AllocSpace objects, 0(0B) LOS objects, 24% free, 1537KB/2MB, paused 1.545ms total 14.370ms
I/Zygote  (  952): ...preloaded 3005 classes in 2776ms.
I/art     (  952): VMRuntime.preloadDexCaches starting
I/art     (  952): VMRuntime.preloadDexCaches strings total=210040 before=38257 after=38257
I/art     (  952): VMRuntime.preloadDexCaches types total=18238 before=6372 after=6404
I/art     (  952): VMRuntime.preloadDexCaches fields total=84551 before=32039 after=32364
I/art     (  952): VMRuntime.preloadDexCaches methods total=149885 before=66266 after=67143
I/art     (  952): VMRuntime.preloadDexCaches finished
I/art     (  952): Counter: 0
I/art     (  952): Counter: 1
I/art     (  952): Explicit concurrent mark sweep GC freed 71(16KB) AllocSpace objects, 0(0B) LOS objects, 50% free, 1523KB/2MB, paused 1.382ms total 21.042ms
D/idmap   ( 1236): error: no read access to /vendor/overlay: No such file or directory
I/Zygote  (  952): Preloading resources...
W/Resources(  952): Preloaded drawable resource #0x1080096 (android:drawable/toast_frame) that varies with configuration!!
I/art     (  952): Explicit concurrent mark sweep GC freed 61(2688B) AllocSpace objects, 0(0B) LOS objects, 50% free, 1574KB/3MB, paused 1.379ms total 9.400ms
W/Resources(  952): Preloaded drawable resource #0x1080111 (android:drawable/btn_check_on_pressed_holo_light) that varies with configuration!!
W/Resources(  952): Preloaded drawable resource #0x1080110 (android:drawable/btn_check_on_pressed_holo_dark) that varies with configuration!!
W/Resources(  952): Preloaded drawable resource #0x108010d (android:drawable/btn_check_on_holo_light) that varies with configuration!!
I/art     (  952): Explicit concurrent mark sweep GC freed 80(88KB) AllocSpace objects, 0(0B) LOS objects, 50% free, 1539KB/3MB, paused 1.360ms total 11.314ms
W/Resources(  952): Preloaded drawable resource #0x108010c (android:drawable/btn_check_on_holo_dark) that varies with configuration!!
W/Resources(  952): Preloaded drawable resource #0x108010a (android:drawable/btn_check_on_focused_holo_light) that varies with configuration!!
W/Resources(  952): Preloaded drawable resource #0x1080109 (android:drawable/btn_check_on_focused_holo_dark) that varies with configuration!!
I/art     (  952): Explicit concurrent mark sweep GC freed 86(53KB) AllocSpace objects, 0(0B) LOS objects, 50% free, 1540KB/3MB, paused 1.372ms total 9.540ms
W/Resources(  952): Preloaded drawable resource #0x1080108 (android:drawable/btn_check_on_disabled_holo_light) that varies with configuration!!
W/Resources(  952): Preloaded drawable resource #0x1080107 (android:drawable/btn_check_on_disabled_holo_dark) that varies with configuration!!
W/Resources(  952): Preloaded drawable resource #0x1080106 (android:drawable/btn_check_on_disabled_focused_holo_light) that varies with configuration!!
I/art     (  952): Explicit concurrent mark sweep GC freed 86(53KB) AllocSpace objects, 0(0B) LOS objects, 50% free, 1540KB/3MB, paused 1.576ms total 10.254ms
W/Resources(  952): Preloaded drawable resource #0x1080105 (android:drawable/btn_check_on_disabled_focused_holo_dark) that varies with configuration!!
W/Resources(  952): Preloaded drawable resource #0x10800fd (android:drawable/btn_check_off_pressed_holo_light) that varies with configuration!!
W/Resources(  952): Preloaded drawable resource #0x10800fc (android:drawable/btn_check_off_pressed_holo_dark) that varies with configuration!!
I/art     (  952): Explicit concurrent mark sweep GC freed 86(53KB) AllocSpace objects, 0(0B) LOS objects, 50% free, 1541KB/3MB, paused 4.908ms total 13.137ms
W/Resources(  952): Preloaded drawable resource #0x10800f7 (android:drawable/btn_check_off_holo_light) that varies with configuration!!
W/Resources(  952): Preloaded drawable resource #0x10800f6 (android:drawable/btn_check_off_holo_dark) that varies with configuration!!
W/Resources(  952): Preloaded drawable resource #0x10800f4 (android:drawable/btn_check_off_focused_holo_light) that varies with configuration!!
I/art     (  952): Explicit concurrent mark sweep GC freed 88(53KB) AllocSpace objects, 0(0B) LOS objects, 50% free, 1541KB/3MB, paused 1.587ms total 9.725ms
W/Resources(  952): Preloaded drawable resource #0x10800f3 (android:drawable/btn_check_off_focused_holo_dark) that varies with configuration!!
W/Resources(  952): Preloaded drawable resource #0x10800f2 (android:drawable/btn_check_off_disabled_holo_light) that varies with configuration!!
W/Resources(  952): Preloaded drawable resource #0x10800f1 (android:drawable/btn_check_off_disabled_holo_dark) that varies with configuration!!
I/art     (  952): Explicit concurrent mark sweep GC freed 86(53KB) AllocSpace objects, 0(0B) LOS objects, 50% free, 1542KB/3MB, paused 7.661ms total 15.802ms
W/Resources(  952): Preloaded drawable resource #0x10800f0 (android:drawable/btn_check_off_disabled_focused_holo_light) that varies with configuration!!
W/Resources(  952): Preloaded drawable resource #0x10800ef (android:drawable/btn_check_off_disabled_focused_holo_dark) that varies with configuration!!
W/Resources(  952): Preloaded drawable resource #0x108010d (android:drawable/btn_check_on_holo_light) that varies with configuration!!
W/Resources(  952): Preloaded drawable resource #0x10800f7 (android:drawable/btn_check_off_holo_light) that varies with configuration!!
W/Resources(  952): Preloaded drawable resource #0x1080111 (android:drawable/btn_check_on_pressed_holo_light) that varies with configuration!!
W/Resources(  952): Preloaded drawable resource #0x10800fd (android:drawable/btn_check_off_pressed_holo_light) that varies with configuration!!
W/Resources(  952): Preloaded drawable resource #0x108010a (android:drawable/btn_check_on_focused_holo_light) that varies with configuration!!
W/Resources(  952): Preloaded drawable resource #0x10800f4 (android:drawable/btn_check_off_focused_holo_light) that varies with configuration!!
W/Resources(  952): Preloaded drawable resource #0x10800f7 (android:drawable/btn_check_off_holo_light) that varies with configuration!!
W/Resources(  952): Preloaded drawable resource #0x108010d (android:drawable/btn_check_on_holo_light) that varies with configuration!!
W/Resources(  952): Preloaded drawable resource #0x1080108 (android:drawable/btn_check_on_disabled_holo_light) that varies with configuration!!
W/Resources(  952): Preloaded drawable resource #0x10800f2 (android:drawable/btn_check_off_disabled_holo_light) that varies with configuration!!
W/Resources(  952): Preloaded drawable resource #0x1080106 (android:drawable/btn_check_on_disabled_focused_holo_light) that varies with configuration!!
W/Resources(  952): Preloaded drawable resource #0x10800f0 (android:drawable/btn_check_off_disabled_focused_holo_light) that varies with configuration!!
W/Resources(  952): Preloaded drawable resource #0x10800f2 (android:drawable/btn_check_off_disabled_holo_light) that varies with configuration!!
W/Resources(  952): Preloaded drawable resource #0x1080108 (android:drawable/btn_check_on_disabled_holo_light) that varies with configuration!!
W/Resources(  952): Preloaded drawable resource #0x10800e5 (android:drawable/btn_check_holo_light) that varies with configuration!!
I/art     (  952): Explicit concurrent mark sweep GC freed 422(282KB) AllocSpace objects, 0(0B) LOS objects, 50% free, 1547KB/3MB, paused 1.433ms total 11.307ms
W/Resources(  952): Preloaded drawable resource #0x108010c (android:drawable/btn_check_on_holo_dark) that varies with configuration!!
W/Resources(  952): Preloaded drawable resource #0x10800f6 (android:drawable/btn_check_off_holo_dark) that varies with configuration!!
W/Resources(  952): Preloaded drawable resource #0x1080110 (android:drawable/btn_check_on_pressed_holo_dark) that varies with configuration!!
W/Resources(  952): Preloaded drawable resource #0x10800fc (android:drawable/btn_check_off_pressed_holo_dark) that varies with configuration!!
W/Resources(  952): Preloaded drawable resource #0x1080109 (android:drawable/btn_check_on_focused_holo_dark) that varies with configuration!!
W/Resources(  952): Preloaded drawable resource #0x10800f3 (android:drawable/btn_check_off_focused_holo_dark) that varies with configuration!!
W/Resources(  952): Preloaded drawable resource #0x10800f6 (android:drawable/btn_check_off_holo_dark) that varies with configuration!!
W/Resources(  952): Preloaded drawable resource #0x108010c (android:drawable/btn_check_on_holo_dark) that varies with configuration!!
W/Resources(  952): Preloaded drawable resource #0x1080107 (android:drawable/btn_check_on_disabled_holo_dark) that varies with configuration!!
W/Resources(  952): Preloaded drawable resource #0x10800f1 (android:drawable/btn_check_off_disabled_holo_dark) that varies with configuration!!
W/Resources(  952): Preloaded drawable resource #0x1080105 (android:drawable/btn_check_on_disabled_focused_holo_dark) that varies with configuration!!
W/Resources(  952): Preloaded drawable resource #0x10800ef (android:drawable/btn_check_off_disabled_focused_holo_dark) that varies with configuration!!
W/Resources(  952): Preloaded drawable resource #0x10800f1 (android:drawable/btn_check_off_disabled_holo_dark) that varies with configuration!!
W/Resources(  952): Preloaded drawable resource #0x1080107 (android:drawable/btn_check_on_disabled_holo_dark) that varies with configuration!!
W/Resources(  952): Preloaded drawable resource #0x10800e4 (android:drawable/btn_check_holo_dark) that varies with configuration!!
I/art     (  952): Explicit concurrent mark sweep GC freed 462(251KB) AllocSpace objects, 0(0B) LOS objects, 50% free, 1547KB/3MB, paused 1.842ms total 10.109ms
W/Resources(  952): Preloaded drawable resource #0x10801c3 (android:drawable/btn_radio_on_pressed_holo_light) that varies with configuration!!
W/Resources(  952): Preloaded drawable resource #0x10801c2 (android:drawable/btn_radio_on_pressed_holo_dark) that varies with configuration!!
W/Resources(  952): Preloaded drawable resource #0x10801bf (android:drawable/btn_radio_on_holo_light) that varies with configuration!!
I/art     (  952): Explicit concurrent mark sweep GC freed 156(56KB) AllocSpace objects, 0(0B) LOS objects, 50% free, 1544KB/3MB, paused 1.376ms total 10.870ms
W/Resources(  952): Preloaded drawable resource #0x10801be (android:drawable/btn_radio_on_holo_dark) that varies with configuration!!
W/Resources(  952): Preloaded drawable resource #0x10801bc (android:drawable/btn_radio_on_focused_holo_light) that varies with configuration!!
W/Resources(  952): Preloaded drawable resource #0x10801bb (android:drawable/btn_radio_on_focused_holo_dark) that varies with configuration!!
I/art     (  952): Explicit concurrent mark sweep GC freed 86(53KB) AllocSpace objects, 0(0B) LOS objects, 50% free, 1544KB/3MB, paused 1.430ms total 9.271ms
W/Resources(  952): Preloaded drawable resource #0x10801ba (android:drawable/btn_radio_on_disabled_holo_light) that varies with configuration!!
W/Resources(  952): Preloaded drawable resource #0x10801b9 (android:drawable/btn_radio_on_disabled_holo_dark) that varies with configuration!!
W/Resources(  952): Preloaded drawable resource #0x10801b8 (android:drawable/btn_radio_on_disabled_focused_holo_light) that varies with configuration!!
I/art     (  952): Explicit concurrent mark sweep GC freed 88(53KB) AllocSpace objects, 0(0B) LOS objects, 50% free, 1545KB/3MB, paused 1.531ms total 10.659ms
W/Resources(  952): Preloaded drawable resource #0x10801b7 (android:drawable/btn_radio_on_disabled_focused_holo_dark) that varies with configuration!!
W/Resources(  952): Preloaded drawable resource #0x10801b3 (android:drawable/btn_radio_off_pressed_holo_light) that varies with configuration!!
W/Resources(  952): Preloaded drawable resource #0x10801b2 (android:drawable/btn_radio_off_pressed_holo_dark) that varies with configuration!!
I/art     (  952): Explicit concurrent mark sweep GC freed 86(53KB) AllocSpace objects, 0(0B) LOS objects, 50% free, 1545KB/3MB, paused 2.018ms total 11.277ms
W/Resources(  952): Preloaded drawable resource #0x10801af (android:drawable/btn_radio_off_holo_light) that varies with configuration!!
W/Resources(  952): Preloaded drawable resource #0x10801ae (android:drawable/btn_radio_off_holo_dark) that varies with configuration!!
W/Resources(  952): Preloaded drawable resource #0x10801ac (android:drawable/btn_radio_off_focused_holo_light) that varies with configuration!!
I/art     (  952): Explicit concurrent mark sweep GC freed 86(53KB) AllocSpace objects, 0(0B) LOS objects, 50% free, 1546KB/3MB, paused 1.339ms total 10.150ms
W/Resources(  952): Preloaded drawable resource #0x10801ab (android:drawable/btn_radio_off_focused_holo_dark) that varies with configuration!!
W/Resources(  952): Preloaded drawable resource #0x10801aa (android:drawable/btn_radio_off_disabled_holo_light) that varies with configuration!!
W/Resources(  952): Preloaded drawable resource #0x10801a9 (android:drawable/btn_radio_off_disabled_holo_dark) that varies with configuration!!
I/art     (  952): Explicit concurrent mark sweep GC freed 86(53KB) AllocSpace objects, 0(0B) LOS objects, 50% free, 1546KB/3MB, paused 1.554ms total 10.939ms
W/Resources(  952): Preloaded drawable resource #0x10801a8 (android:drawable/btn_radio_off_disabled_focused_holo_light) that varies with configuration!!
W/Resources(  952): Preloaded drawable resource #0x10801a7 (android:drawable/btn_radio_off_disabled_focused_holo_dark) that varies with configuration!!
W/Resources(  952): Preloaded drawable resource #0x1080152 (android:drawable/btn_default_pressed_holo_light) that varies with configuration!!
I/art     (  952): Explicit concurrent mark sweep GC freed 85(37KB) AllocSpace objects, 0(0B) LOS objects, 50% free, 1560KB/3MB, paused 1.321ms total 10.062ms
W/Resources(  952): Preloaded drawable resource #0x1080151 (android:drawable/btn_default_pressed_holo_dark) that varies with configuration!!
W/Resources(  952): Preloaded drawable resource #0x108014e (android:drawable/btn_default_normal_holo_light) that varies with configuration!!
W/Resources(  952): Preloaded drawable resource #0x108014d (android:drawable/btn_default_normal_holo_dark) that varies with configuration!!
W/Resources(  952): Preloaded drawable resource #0x1080144 (android:drawable/btn_default_focused_holo_light) that varies with configuration!!
I/art     (  952): Explicit concurrent mark sweep GC freed 109(19KB) AllocSpace objects, 0(0B) LOS objects, 50% free, 1601KB/3MB, paused 1.482ms total 15.829ms
W/Resources(  952): Preloaded drawable resource #0x1080143 (android:drawable/btn_default_focused_holo_dark) that varies with configuration!!
W/Resources(  952): Preloaded drawable resource #0x1080141 (android:drawable/btn_default_disabled_holo_light) that varies with configuration!!
W/Resources(  952): Preloaded drawable resource #0x1080140 (android:drawable/btn_default_disabled_holo_dark) that varies with configuration!!
W/Resources(  952): Preloaded drawable resource #0x108013e (android:drawable/btn_default_disabled_focused_holo_light) that varies with configuration!!
I/art     (  952): Explicit concurrent mark sweep GC freed 133(59KB) AllocSpace objects, 0(0B) LOS objects, 50% free, 1601KB/3MB, paused 1.938ms total 10.756ms
W/Resources(  952): Preloaded drawable resource #0x108013d (android:drawable/btn_default_disabled_focused_holo_dark) that varies with configuration!!
W/Resources(  952): Preloaded drawable resource #0x108014d (android:drawable/btn_default_normal_holo_dark) that varies with configuration!!
W/Resources(  952): Preloaded drawable resource #0x1080140 (android:drawable/btn_default_disabled_holo_dark) that varies with configuration!!
W/Resources(  952): Preloaded drawable resource #0x1080151 (android:drawable/btn_default_pressed_holo_dark) that varies with configuration!!
W/Resources(  952): Preloaded drawable resource #0x1080143 (android:drawable/btn_default_focused_holo_dark) that varies with configuration!!
W/Resources(  952): Preloaded drawable resource #0x108014d (android:drawable/btn_default_normal_holo_dark) that varies with configuration!!
W/Resources(  952): Preloaded drawable resource #0x108013d (android:drawable/btn_default_disabled_focused_holo_dark) that varies with configuration!!
W/Resources(  952): Preloaded drawable resource #0x1080140 (android:drawable/btn_default_disabled_holo_dark) that varies with configuration!!
W/Resources(  952): Preloaded drawable resource #0x1080145 (android:drawable/btn_default_holo_dark) that varies with configuration!!
I/art     (  952): Explicit concurrent mark sweep GC freed 253(67KB) AllocSpace objects, 0(0B) LOS objects, 50% free, 1656KB/3MB, paused 1.540ms total 11.133ms
W/Resources(  952): Preloaded drawable resource #0x108014e (android:drawable/btn_default_normal_holo_light) that varies with configuration!!
W/Resources(  952): Preloaded drawable resource #0x1080141 (android:drawable/btn_default_disabled_holo_light) that varies with configuration!!
W/Resources(  952): Preloaded drawable resource #0x1080152 (android:drawable/btn_default_pressed_holo_light) that varies with configuration!!
W/Resources(  952): Preloaded drawable resource #0x1080144 (android:drawable/btn_default_focused_holo_light) that varies with configuration!!
W/Resources(  952): Preloaded drawable resource #0x108014e (android:drawable/btn_default_normal_holo_light) that varies with configuration!!
W/Resources(  952): Preloaded drawable resource #0x108013e (android:drawable/btn_default_disabled_focused_holo_light) that varies with configuration!!
W/Resources(  952): Preloaded drawable resource #0x1080141 (android:drawable/btn_default_disabled_holo_light) that varies with configuration!!
W/Resources(  952): Preloaded drawable resource #0x1080146 (android:drawable/btn_default_holo_light) that varies with configuration!!
I/art     (  952): Explicit concurrent mark sweep GC freed 285(120KB) AllocSpace objects, 0(0B) LOS objects, 50% free, 1643KB/3MB, paused 3.600ms total 12.411ms
W/Resources(  952): Preloaded drawable resource #0x1080224 (android:drawable/btn_star_off_normal_holo_light) that varies with configuration!!
W/Resources(  952): Preloaded drawable resource #0x108022e (android:drawable/btn_star_on_normal_holo_light) that varies with configuration!!
W/Resources(  952): Preloaded drawable resource #0x108022a (android:drawable/btn_star_on_disabled_holo_light) that varies with configuration!!
I/art     (  952): Explicit concurrent mark sweep GC freed 156(147KB) AllocSpace objects, 0(0B) LOS objects, 50% free, 1550KB/3MB, paused 2.081ms total 34.807ms
W/Resources(  952): Preloaded drawable resource #0x1080220 (android:drawable/btn_star_off_disabled_holo_light) that varies with configuration!!
W/Resources(  952): Preloaded drawable resource #0x1080230 (android:drawable/btn_star_on_pressed_holo_light) that varies with configuration!!
W/Resources(  952): Preloaded drawable resource #0x1080226 (android:drawable/btn_star_off_pressed_holo_light) that varies with configuration!!
I/art     (  952): Explicit concurrent mark sweep GC freed 86(53KB) AllocSpace objects, 0(0B) LOS objects, 50% free, 1550KB/3MB, paused 1.579ms total 16.939ms
W/Resources(  952): Preloaded drawable resource #0x108022c (android:drawable/btn_star_on_focused_holo_light) that varies with configuration!!
W/Resources(  952): Preloaded drawable resource #0x1080222 (android:drawable/btn_star_off_focused_holo_light) that varies with configuration!!
W/Resources(  952): Preloaded drawable resource #0x1080228 (android:drawable/btn_star_on_disabled_focused_holo_light) that varies with configuration!!
I/art     (  952): Explicit concurrent mark sweep GC freed 88(53KB) AllocSpace objects, 0(0B) LOS objects, 50% free, 1551KB/3MB, paused 1.411ms total 10.159ms
W/Resources(  952): Preloaded drawable resource #0x108021e (android:drawable/btn_star_off_disabled_focused_holo_light) that varies with configuration!!
W/Resources(  952): Preloaded drawable resource #0x1080224 (android:drawable/btn_star_off_normal_holo_light) that varies with configuration!!
W/Resources(  952): Preloaded drawable resource #0x108022e (android:drawable/btn_star_on_normal_holo_light) that varies with configuration!!
W/Resources(  952): Preloaded drawable resource #0x108022a (android:drawable/btn_star_on_disabled_holo_light) that varies with configuration!!
W/Resources(  952): Preloaded drawable resource #0x1080220 (android:drawable/btn_star_off_disabled_holo_light) that varies with configuration!!
W/Resources(  952): Preloaded drawable resource #0x1080230 (android:drawable/btn_star_on_pressed_holo_light) that varies with configuration!!
W/Resources(  952): Preloaded drawable resource #0x1080226 (android:drawable/btn_star_off_pressed_holo_light) that varies with configuration!!
W/Resources(  952): Preloaded drawable resource #0x108022c (android:drawable/btn_star_on_focused_holo_light) that varies with configuration!!
W/Resources(  952): Preloaded drawable resource #0x1080222 (android:drawable/btn_star_off_focused_holo_light) that varies with configuration!!
W/Resources(  952): Preloaded drawable resource #0x1080228 (android:drawable/btn_star_on_disabled_focused_holo_light) that varies with configuration!!
W/Resources(  952): Preloaded drawable resource #0x108022a (android:drawable/btn_star_on_disabled_holo_light) that varies with configuration!!
W/Resources(  952): Preloaded drawable resource #0x108021e (android:drawable/btn_star_off_disabled_focused_holo_light) that varies with configuration!!
W/Resources(  952): Preloaded drawable resource #0x1080220 (android:drawable/btn_star_off_disabled_holo_light) that varies with configuration!!
W/Resources(  952): Preloaded drawable resource #0x1080224 (android:drawable/btn_star_off_normal_holo_light) that varies with configuration!!
W/Resources(  952): Preloaded drawable resource #0x108022e (android:drawable/btn_star_on_normal_holo_light) that varies with configuration!!
W/Resources(  952): Preloaded drawable resource #0x1080219 (android:drawable/btn_star_holo_light) that varies with configuration!!
I/art     (  952): Explicit concurrent mark sweep GC freed 401(265KB) AllocSpace objects, 0(0B) LOS objects, 50% free, 1556KB/3MB, paused 1.332ms total 10.801ms
W/Resources(  952): Preloaded drawable resource #0x1080223 (android:drawable/btn_star_off_normal_holo_dark) that varies with configuration!!
W/Resources(  952): Preloaded drawable resource #0x108022d (android:drawable/btn_star_on_normal_holo_dark) that varies with configuration!!
W/Resources(  952): Preloaded drawable resource #0x1080229 (android:drawable/btn_star_on_disabled_holo_dark) that varies with configuration!!
I/art     (  952): Explicit concurrent mark sweep GC freed 171(57KB) AllocSpace objects, 0(0B) LOS objects, 50% free, 1552KB/3MB, paused 1.455ms total 10.006ms
W/Resources(  952): Preloaded drawable resource #0x108021f (android:drawable/btn_star_off_disabled_holo_dark) that varies with configuration!!
W/Resources(  952): Preloaded drawable resource #0x108022f (android:drawable/btn_star_on_pressed_holo_dark) that varies with configuration!!
W/Resources(  952): Preloaded drawable resource #0x1080225 (android:drawable/btn_star_off_pressed_holo_dark) that varies with configuration!!
I/art     (  952): Explicit concurrent mark sweep GC freed 86(53KB) AllocSpace objects, 0(0B) LOS objects, 50% free, 1552KB/3MB, paused 1.471ms total 15.577ms
W/Resources(  952): Preloaded drawable resource #0x108022b (android:drawable/btn_star_on_focused_holo_dark) that varies with configuration!!
W/Resources(  952): Preloaded drawable resource #0x1080221 (android:drawable/btn_star_off_focused_holo_dark) that varies with configuration!!
W/Resources(  952): Preloaded drawable resource #0x1080227 (android:drawable/btn_star_on_disabled_focused_holo_dark) that varies with configuration!!
I/art     (  952): Explicit concurrent mark sweep GC freed 86(53KB) AllocSpace objects, 0(0B) LOS objects, 50% free, 1553KB/3MB, paused 2.238ms total 12.088ms
W/Resources(  952): Preloaded drawable resource #0x108021d (android:drawable/btn_star_off_disabled_focused_holo_dark) that varies with configuration!!
W/Resources(  952): Preloaded drawable resource #0x1080223 (android:drawable/btn_star_off_normal_holo_dark) that varies with configuration!!
W/Resources(  952): Preloaded drawable resource #0x108022d (android:drawable/btn_star_on_normal_holo_dark) that varies with configuration!!
W/Resources(  952): Preloaded drawable resource #0x1080229 (android:drawable/btn_star_on_disabled_holo_dark) that varies with configuration!!
W/Resources(  952): Preloaded drawable resource #0x108021f (android:drawable/btn_star_off_disabled_holo_dark) that varies with configuration!!
W/Resources(  952): Preloaded drawable resource #0x108022f (android:drawable/btn_star_on_pressed_holo_dark) that varies with configuration!!
W/Resources(  952): Preloaded drawable resource #0x1080225 (android:drawable/btn_star_off_pressed_holo_dark) that varies with configuration!!
W/Resources(  952): Preloaded drawable resource #0x108022b (android:drawable/btn_star_on_focused_holo_dark) that varies with configuration!!
W/Resources(  952): Preloaded drawable resource #0x1080221 (android:drawable/btn_star_off_focused_holo_dark) that varies with configuration!!
W/Resources(  952): Preloaded drawable resource #0x1080227 (android:drawable/btn_star_on_disabled_focused_holo_dark) that varies with configuration!!
W/Resources(  952): Preloaded drawable resource #0x1080229 (android:drawable/btn_star_on_disabled_holo_dark) that varies with configuration!!
W/Resources(  952): Preloaded drawable resource #0x108021d (android:drawable/btn_star_off_disabled_focused_holo_dark) that varies with configuration!!
W/Resources(  952): Preloaded drawable resource #0x108021f (android:drawable/btn_star_off_disabled_holo_dark) that varies with configuration!!
W/Resources(  952): Preloaded drawable resource #0x1080223 (android:drawable/btn_star_off_normal_holo_dark) that varies with configuration!!
W/Resources(  952): Preloaded drawable resource #0x108022d (android:drawable/btn_star_on_normal_holo_dark) that varies with configuration!!
W/Resources(  952): Preloaded drawable resource #0x1080218 (android:drawable/btn_star_holo_dark) that varies with configuration!!
I/art     (  952): Explicit concurrent mark sweep GC freed 401(265KB) AllocSpace objects, 0(0B) LOS objects, 50% free, 1557KB/3MB, paused 1.502ms total 10.839ms
W/Resources(  952): Preloaded drawable resource #0x1080264 (android:drawable/btn_toggle_on_pressed_holo_light) that varies with configuration!!
W/Resources(  952): Preloaded drawable resource #0x1080263 (android:drawable/btn_toggle_on_pressed_holo_dark) that varies with configuration!!
W/Resources(  952): Preloaded drawable resource #0x1080262 (android:drawable/btn_toggle_on_normal_holo_light) that varies with configuration!!
W/Resources(  952): Preloaded drawable resource #0x1080261 (android:drawable/btn_toggle_on_normal_holo_dark) that varies with configuration!!
I/art     (  952): Explicit concurrent mark sweep GC freed 188(10KB) AllocSpace objects, 0(0B) LOS objects, 50% free, 1607KB/3MB, paused 1.366ms total 10.113ms
W/Resources(  952): Preloaded drawable resource #0x1080260 (android:drawable/btn_toggle_on_focused_holo_light) that varies with configuration!!
W/Resources(  952): Preloaded drawable resource #0x108025f (android:drawable/btn_toggle_on_focused_holo_dark) that varies with configuration!!
W/Resources(  952): Preloaded drawable resource #0x108025e (android:drawable/btn_toggle_on_disabled_holo_light) that varies with configuration!!
W/Resources(  952): Preloaded drawable resource #0x108025d (android:drawable/btn_toggle_on_disabled_holo_dark) that varies with configuration!!
I/art     (  952): Explicit concurrent mark sweep GC freed 133(59KB) AllocSpace objects, 0(0B) LOS objects, 50% free, 1608KB/3MB, paused 1.598ms total 13.309ms
W/Resources(  952): Preloaded drawable resource #0x108025c (android:drawable/btn_toggle_on_disabled_focused_holo_light) that varies with configuration!!
W/Resources(  952): Preloaded drawable resource #0x108025b (android:drawable/btn_toggle_on_disabled_focused_holo_dark) that varies with configuration!!
W/Resources(  952): Preloaded drawable resource #0x1080259 (android:drawable/btn_toggle_off_pressed_holo_light) that varies with configuration!!
W/Resources(  952): Preloaded drawable resource #0x1080258 (android:drawable/btn_toggle_off_pressed_holo_dark) that varies with configuration!!
I/art     (  952): Explicit concurrent mark sweep GC freed 133(60KB) AllocSpace objects, 0(0B) LOS objects, 50% free, 1609KB/3MB, paused 1.320ms total 9.556ms
W/Resources(  952): Preloaded drawable resource #0x1080257 (android:drawable/btn_toggle_off_normal_holo_light) that varies with configuration!!
W/Resources(  952): Preloaded drawable resource #0x1080256 (android:drawable/btn_toggle_off_normal_holo_dark) that varies with configuration!!
W/Resources(  952): Preloaded drawable resource #0x1080255 (android:drawable/btn_toggle_off_focused_holo_light) that varies with configuration!!
W/Resources(  952): Preloaded drawable resource #0x1080254 (android:drawable/btn_toggle_off_focused_holo_dark) that varies with configuration!!
W/art     (  952): Suspending all threads took: 5.984ms
I/art     (  952): Explicit concurrent mark sweep GC freed 133(59KB) AllocSpace objects, 0(0B) LOS objects, 50% free, 1609KB/3MB, paused 7.577ms total 15.296ms
W/Resources(  952): Preloaded drawable resource #0x1080253 (android:drawable/btn_toggle_off_disabled_holo_light) that varies with configuration!!
W/Resources(  952): Preloaded drawable resource #0x1080252 (android:drawable/btn_toggle_off_disabled_holo_dark) that varies with configuration!!
W/Resources(  952): Preloaded drawable resource #0x1080251 (android:drawable/btn_toggle_off_disabled_focused_holo_light) that varies with configuration!!
W/Resources(  952): Preloaded drawable resource #0x1080250 (android:drawable/btn_toggle_off_disabled_focused_holo_dark) that varies with configuration!!
I/art     (  952): Explicit concurrent mark sweep GC freed 133(60KB) AllocSpace objects, 0(0B) LOS objects, 50% free, 1610KB/3MB, paused 1.951ms total 9.615ms
W/Resources(  952): Preloaded drawable resource #0x1080262 (android:drawable/btn_toggle_on_normal_holo_light) that varies with configuration!!
W/Resources(  952): Preloaded drawable resource #0x108025e (android:drawable/btn_toggle_on_disabled_holo_light) that varies with configuration!!
W/Resources(  952): Preloaded drawable resource #0x1080264 (android:drawable/btn_toggle_on_pressed_holo_light) that varies with configuration!!
W/Resources(  952): Preloaded drawable resource #0x1080260 (android:drawable/btn_toggle_on_focused_holo_light) that varies with configuration!!
W/Resources(  952): Preloaded drawable resource #0x1080262 (android:drawable/btn_toggle_on_normal_holo_light) that varies with configuration!!
W/Resources(  952): Preloaded drawable resource #0x108025c (android:drawable/btn_toggle_on_disabled_focused_holo_light) that varies with configuration!!
W/Resources(  952): Preloaded drawable resource #0x108025e (android:drawable/btn_toggle_on_disabled_holo_light) that varies with configuration!!
W/Resources(  952): Preloaded drawable resource #0x1080257 (android:drawable/btn_toggle_off_normal_holo_light) that varies with configuration!!
W/Resources(  952): Preloaded drawable resource #0x1080253 (android:drawable/btn_toggle_off_disabled_holo_light) that varies with configuration!!
W/Resources(  952): Preloaded drawable resource #0x1080259 (android:drawable/btn_toggle_off_pressed_holo_light) that varies with configuration!!
W/Resources(  952): Preloaded drawable resource #0x1080255 (android:drawable/btn_toggle_off_focused_holo_light) that varies with configuration!!
W/Resources(  952): Preloaded drawable resource #0x1080257 (android:drawable/btn_toggle_off_normal_holo_light) that varies with configuration!!
