I/WebViewFactory( 1997): Loading com.android.webview version 37 (1504858-x86) (code 100007)
I/LibraryLoader( 1997): Loading: webviewchromium
I/LibraryLoader( 1997): Time to load native libraries: 3 ms (timestamps 1985-1988)
I/LibraryLoader( 1997): Expected native library version number "",actual native library version number ""
V/WebViewChromiumFactoryProvider( 1997): Binding Chromium to main looper Looper (main, tid 1) {2959cc9a}
I/LibraryLoader( 1997): Expected native library version number "",actual native library version number ""
I/chromium( 1997): [INFO:library_loader_hooks.cc(106)] Chromium logging enabled: level = 0, default verbosity = 0
I/BrowserStartupController( 1997): Initializing chromium process, renderers=0
W/art     ( 1997): Attempt to remove local handle scope entry from IRT, ignoring
W/chromium( 1997): [WARNING:resource_bundle.cc(315)] locale_file_path.empty()
I/chromium( 1997): [INFO:aw_browser_main_parts.cc(63)] Load from apk succesful, fd=29 off=46092 len=2953
I/chromium( 1997): [INFO:aw_browser_main_parts.cc(78)] Loading webviewchromium.pak from, fd:30 off:228796 len:643667
W/AudioManagerAndroid( 1997): Requires BLUETOOTH permission
D/        ( 1997): HostConnection::get() New Host Connection established 0xa6cf4bc0, tid 1997
W/chromium( 1997): [WARNING:mailbox_synchronizer.cc(36)] MailboxSync not supported due to missing EGL image/fence support
W/chromium( 1997): [WARNING:proxy_service.cc(901)] PAC support disabled because there is no system implementation
W/chromium( 1997): [WARNING:data_reduction_proxy_settings.cc(403)] SPDY proxy OFF at startup
W/art     ( 1997): Attempt to remove local handle scope entry from IRT, ignoring
W/AwContents( 1997): onDetachedFromWindow called when already detached. Ignoring
D/CordovaActivity( 1997): CordovaActivity.createViews()
D/PluginManager( 1997): init()
D/OpenGLRenderer( 1997): Render dirty regions requested: true
D/Atlas   ( 1997): Validating map...
W/System.err( 1997): java.lang.ClassNotFoundException: com.ionic.keyboard.IonicKeyboard
W/System.err( 1997): 	at java.lang.Class.classForName(Native Method)
W/System.err( 1997): 	at java.lang.Class.forName(Class.java:308)
W/System.err( 1997): 	at java.lang.Class.forName(Class.java:272)
W/System.err( 1997): 	at org.apache.cordova.PluginManager.instantiatePlugin(PluginManager.java:403)
W/System.err( 1997): 	at org.apache.cordova.PluginManager.getPlugin(PluginManager.java:193)
W/System.err( 1997): 	at org.apache.cordova.PluginManager.startupPlugins(PluginManager.java:116)
W/System.err( 1997): 	at org.apache.cordova.PluginManager.init(PluginManager.java:92)
W/System.err( 1997): 	at org.apache.cordova.CordovaWebView.init(CordovaWebView.java:163)
W/System.err( 1997): 	at org.apache.cordova.CordovaActivity.init(CordovaActivity.java:345)
W/System.err( 1997): 	at org.apache.cordova.CordovaActivity.init(CordovaActivity.java:320)
W/System.err( 1997): 	at com.ionicframework.allergiaapp355789.MainActivity.onCreate(MainActivity.java:31)
W/System.err( 1997): 	at android.app.Activity.performCreate(Activity.java:5933)
W/System.err( 1997): 	at android.app.Instrumentation.callActivityOnCreate(Instrumentation.java:1105)
W/System.err( 1997): 	at android.app.ActivityThread.performLaunchActivity(ActivityThread.java:2251)
W/System.err( 1997): 	at android.app.ActivityThread.handleLaunchActivity(ActivityThread.java:2360)
W/System.err( 1997): 	at android.app.ActivityThread.access$800(ActivityThread.java:144)
W/System.err( 1997): 	at android.app.ActivityThread$H.handleMessage(ActivityThread.java:1278)
W/System.err( 1997): 	at android.os.Handler.dispatchMessage(Handler.java:102)
W/System.err( 1997): 	at android.os.Looper.loop(Looper.java:135)
W/System.err( 1997): 	at android.app.ActivityThread.main(ActivityThread.java:5221)
W/System.err( 1997): 	at java.lang.reflect.Method.invoke(Native Method)
W/System.err( 1997): 	at java.lang.reflect.Method.invoke(Method.java:372)
W/System.err( 1997): 	at com.android.internal.os.ZygoteInit$MethodAndArgsCaller.run(ZygoteInit.java:899)
W/System.err( 1997): 	at com.android.internal.os.ZygoteInit.main(ZygoteInit.java:694)
W/System.err( 1997): Caused by: java.lang.ClassNotFoundException: Didn't find class "com.ionic.keyboard.IonicKeyboard" on path: DexPathList[[zip file "/data/app/com.ionicframework.allergiaapp355789-2/base.apk"],nativeLibraryDirectories=[/vendor/lib, /system/lib]]
W/System.err( 1997): 	at dalvik.system.BaseDexClassLoader.findClass(BaseDexClassLoader.java:56)
W/System.err( 1997): 	at java.lang.ClassLoader.loadClass(ClassLoader.java:511)
W/System.err( 1997): 	at java.lang.ClassLoader.loadClass(ClassLoader.java:469)
W/System.err( 1997): 	... 24 more
W/System.err( 1997): 	Suppressed: java.lang.ClassNotFoundException: com.ionic.keyboard.IonicKeyboard
W/System.err( 1997): 		at java.lang.Class.classForName(Native Method)
W/System.err( 1997): 		at java.lang.BootClassLoader.findClass(ClassLoader.java:781)
W/System.err( 1997): 		at java.lang.BootClassLoader.loadClass(ClassLoader.java:841)
W/System.err( 1997): 		at java.lang.ClassLoader.loadClass(ClassLoader.java:504)
W/System.err( 1997): 		... 25 more
W/System.err( 1997): 	Caused by: java.lang.NoClassDefFoundError: Class not found using the boot class loader; no stack available
I/System.out( 1997): Error adding plugin com.ionic.keyboard.IonicKeyboard.
D/AndroidRuntime( 1997): Shutting down VM
E/AndroidRuntime( 1997): FATAL EXCEPTION: main
E/AndroidRuntime( 1997): Process: com.ionicframework.allergiaapp355789, PID: 1997
E/AndroidRuntime( 1997): java.lang.RuntimeException: Unable to start activity ComponentInfo{com.ionicframework.allergiaapp355789/com.ionicframework.allergiaapp355789.MainActivity}: java.lang.NullPointerException: Attempt to invoke virtual method 'void org.apache.cordova.CordovaPlugin.privateInitialize(org.apache.cordova.CordovaInterface, org.apache.cordova.CordovaWebView, org.apache.cordova.CordovaPreferences)' on a null object reference
E/AndroidRuntime( 1997): 	at android.app.ActivityThread.performLaunchActivity(ActivityThread.java:2298)
E/AndroidRuntime( 1997): 	at android.app.ActivityThread.handleLaunchActivity(ActivityThread.java:2360)
E/AndroidRuntime( 1997): 	at android.app.ActivityThread.access$800(ActivityThread.java:144)
E/AndroidRuntime( 1997): 	at android.app.ActivityThread$H.handleMessage(ActivityThread.java:1278)
E/AndroidRuntime( 1997): 	at android.os.Handler.dispatchMessage(Handler.java:102)
E/AndroidRuntime( 1997): 	at android.os.Looper.loop(Looper.java:135)
E/AndroidRuntime( 1997): 	at android.app.ActivityThread.main(ActivityThread.java:5221)
E/AndroidRuntime( 1997): 	at java.lang.reflect.Method.invoke(Native Method)
E/AndroidRuntime( 1997): 	at java.lang.reflect.Method.invoke(Method.java:372)
E/AndroidRuntime( 1997): 	at com.android.internal.os.ZygoteInit$MethodAndArgsCaller.run(ZygoteInit.java:899)
E/AndroidRuntime( 1997): 	at com.android.internal.os.ZygoteInit.main(ZygoteInit.java:694)
E/AndroidRuntime( 1997): Caused by: java.lang.NullPointerException: Attempt to invoke virtual method 'void org.apache.cordova.CordovaPlugin.privateInitialize(org.apache.cordova.CordovaInterface, org.apache.cordova.CordovaWebView, org.apache.cordova.CordovaPreferences)' on a null object reference
E/AndroidRuntime( 1997): 	at org.apache.cordova.PluginManager.getPlugin(PluginManager.java:195)
E/AndroidRuntime( 1997): 	at org.apache.cordova.PluginManager.startupPlugins(PluginManager.java:116)
E/AndroidRuntime( 1997): 	at org.apache.cordova.PluginManager.init(PluginManager.java:92)
E/AndroidRuntime( 1997): 	at org.apache.cordova.CordovaWebView.init(CordovaWebView.java:163)
E/AndroidRuntime( 1997): 	at org.apache.cordova.CordovaActivity.init(CordovaActivity.java:345)
E/AndroidRuntime( 1997): 	at org.apache.cordova.CordovaActivity.init(CordovaActivity.java:320)
E/AndroidRuntime( 1997): 	at com.ionicframework.allergiaapp355789.MainActivity.onCreate(MainActivity.java:31)
E/AndroidRuntime( 1997): 	at android.app.Activity.performCreate(Activity.java:5933)
E/AndroidRuntime( 1997): 	at android.app.Instrumentation.callActivityOnCreate(Instrumentation.java:1105)
E/AndroidRuntime( 1997): 	at android.app.ActivityThread.performLaunchActivity(ActivityThread.java:2251)
E/AndroidRuntime( 1997): 	... 10 more
W/ActivityManager( 1244):   Force finishing activity com.ionicframework.allergiaapp355789/.MainActivity
I/art     ( 1997): Background partial concurrent mark sweep GC freed 1222(135KB) AllocSpace objects, 0(0B) LOS objects, 24% free, 4MB/5MB, paused 12.820ms total 75.565ms
I/WindowManager( 1244): Screenshot max retries 4 of Token{6273115 ActivityRecord{22294acc u0 com.ionicframework.allergiaapp355789/.MainActivity t3 f}} appWin=Window{1cd6c991 u0 Starting com.ionicframework.allergiaapp355789} drawState=1
E/ActivityManager( 1244): Invalid thumbnail dimensions: 720x720
D/TaskPersister( 1244): removeObsoleteFile: deleting file=2_task.xml
W/ActivityManager( 1244): Activity pause timeout for ActivityRecord{22294acc u0 com.ionicframework.allergiaapp355789/.MainActivity t3 f}
I/ActivityManager( 1244): Waited long enough for: ServiceRecord{3767ca75 u0 com.android.calendar/.alerts.InitAlarmsService}
I/ActivityManager( 1244): Resuming delayed broadcast
W/EGL_emulation( 1499): eglSurfaceAttrib not implemented
W/OpenGLRenderer( 1499): Failed to set EGL_SWAP_BEHAVIOR on surface 0xa5f889a0, error=EGL_SUCCESS
V/AlarmClock( 1656): AlarmInitReceiver android.intent.action.BOOT_COMPLETED
V/AlarmClock( 1656): AlarmInitReceiver - Reset timers and clear stopwatch data
V/AlarmClock( 1656): AlarmInitReceiver finished
E/libprocessgroup( 2038): failed to make and chown /acct/uid_10025: Read-only file system
W/Zygote  ( 2038): createProcessGroup failed, kernel missing CONFIG_CGROUP_CPUACCT?
I/ActivityManager( 1244): Start proc com.android.email for broadcast com.android.email/.service.EmailBroadcastReceiver: pid=2038 uid=10025 gids={50025, 9997, 3003, 1028, 1015} abi=x86
W/art     ( 2038): Suspending all threads took: 50.184ms
I/Choreographer( 1244): Skipped 190 frames!  The application may be doing too much work on its main thread.
W/art     ( 2038): Suspending all threads took: 86.713ms
D/ActivityThread( 2038): Loading provider com.android.email.provider;com.android.email.notifier: com.android.email.provider.EmailProvider
D/ActivityThread( 2038): Loading provider com.android.email.provider;com.android.email.notifier: com.android.email.provider.EmailProvider
I/ActivityManager( 1244): Delay finish: com.android.email/.service.EmailBroadcastReceiver
W/ActivityManager( 1244): Unable to start service Intent { cmp=com.android.email/.service.AttachmentService } U=0: not found
I/Email   ( 2038): Observing account changes for notifications
I/ActivityManager( 1244): Start proc com.android.exchange for service com.android.exchange/.service.EasService: pid=2061 uid=10027 gids={50027, 9997, 3003, 1028, 1015} abi=x86
W/ActivityManager( 1244): Unable to start service Intent { cmp=com.android.email/.service.AttachmentService } U=0: not found
W/ActivityManager( 1244): Unable to start service Intent { cmp=com.android.email/.service.AttachmentService } U=0: not found
E/libprocessgroup( 2061): failed to make and chown /acct/uid_10027: Read-only file system
W/Zygote  ( 2061): createProcessGroup failed, kernel missing CONFIG_CGROUP_CPUACCT?
I/ActivityManager( 1244): Resuming delayed broadcast
I/SystemBroadcastReceiver( 1355): Boot has been completed
I/LauncherIconVisibilityManager( 1355): Activity has already been disabled: ComponentInfo{com.android.inputmethod.latin/com.android.inputmethod.latin.setup.SetupActivity}
E/ActivityThread( 2038): Service com.android.email.service.EmailBroadcastProcessorService has leaked ServiceConnection com.android.emailcommon.service.ServiceProxy$ProxyConnection@13e88431 that was originally bound here
E/ActivityThread( 2038): android.app.ServiceConnectionLeaked: Service com.android.email.service.EmailBroadcastProcessorService has leaked ServiceConnection com.android.emailcommon.service.ServiceProxy$ProxyConnection@13e88431 that was originally bound here
E/ActivityThread( 2038): 	at android.app.LoadedApk$ServiceDispatcher.<init>(LoadedApk.java:1070)
E/ActivityThread( 2038): 	at android.app.LoadedApk.getServiceDispatcher(LoadedApk.java:964)
E/ActivityThread( 2038): 	at android.app.ContextImpl.bindServiceCommon(ContextImpl.java:1768)
E/ActivityThread( 2038): 	at android.app.ContextImpl.bindService(ContextImpl.java:1751)
E/ActivityThread( 2038): 	at android.content.ContextWrapper.bindService(ContextWrapper.java:538)
E/ActivityThread( 2038): 	at com.android.emailcommon.service.ServiceProxy.setTask(ServiceProxy.java:176)
E/ActivityThread( 2038): 	at com.android.emailcommon.service.ServiceProxy.test(ServiceProxy.java:219)
E/ActivityThread( 2038): 	at com.android.email.service.EmailServiceUtils.isServiceAvailable(EmailServiceUtils.java:160)
E/ActivityThread( 2038): 	at com.android.email.provider.AccountReconciler.reconcileAccountsInternal(AccountReconciler.java:164)
E/ActivityThread( 2038): 	at com.android.email.provider.AccountReconciler.reconcileAccounts(AccountReconciler.java:113)
E/ActivityThread( 2038): 	at com.android.email.service.EmailBroadcastProcessorService.reconcileAndStartServices(EmailBroadcastProcessorService.java:305)
E/ActivityThread( 2038): 	at com.android.email.service.EmailBroadcastProcessorService.onBootCompleted(EmailBroadcastProcessorService.java:295)
E/ActivityThread( 2038): 	at com.android.email.service.EmailBroadcastProcessorService.onHandleIntent(EmailBroadcastProcessorService.java:130)
E/ActivityThread( 2038): 	at android.app.IntentService$ServiceHandler.handleMessage(IntentService.java:65)
E/ActivityThread( 2038): 	at android.os.Handler.dispatchMessage(Handler.java:102)
E/ActivityThread( 2038): 	at android.os.Looper.loop(Looper.java:135)
E/ActivityThread( 2038): 	at android.os.HandlerThread.run(HandlerThread.java:61)
E/StrictMode( 2038): null
E/StrictMode( 2038): android.app.ServiceConnectionLeaked: Service com.android.email.service.EmailBroadcastProcessorService has leaked ServiceConnection com.android.emailcommon.service.ServiceProxy$ProxyConnection@13e88431 that was originally bound here
E/StrictMode( 2038): 	at android.app.LoadedApk$ServiceDispatcher.<init>(LoadedApk.java:1070)
E/StrictMode( 2038): 	at android.app.LoadedApk.getServiceDispatcher(LoadedApk.java:964)
E/StrictMode( 2038): 	at android.app.ContextImpl.bindServiceCommon(ContextImpl.java:1768)
E/StrictMode( 2038): 	at android.app.ContextImpl.bindService(ContextImpl.java:1751)
E/StrictMode( 2038): 	at android.content.ContextWrapper.bindService(ContextWrapper.java:538)
E/StrictMode( 2038): 	at com.android.emailcommon.service.ServiceProxy.setTask(ServiceProxy.java:176)
E/StrictMode( 2038): 	at com.android.emailcommon.service.ServiceProxy.test(ServiceProxy.java:219)
E/StrictMode( 2038): 	at com.android.email.service.EmailServiceUtils.isServiceAvailable(EmailServiceUtils.java:160)
E/StrictMode( 2038): 	at com.android.email.provider.AccountReconciler.reconcileAccountsInternal(AccountReconciler.java:164)
E/StrictMode( 2038): 	at com.android.email.provider.AccountReconciler.reconcileAccounts(AccountReconciler.java:113)
E/StrictMode( 2038): 	at com.android.email.service.EmailBroadcastProcessorService.reconcileAndStartServices(EmailBroadcastProcessorService.java:305)
E/StrictMode( 2038): 	at com.android.email.service.EmailBroadcastProcessorService.onBootCompleted(EmailBroadcastProcessorService.java:295)
E/StrictMode( 2038): 	at com.android.email.service.EmailBroadcastProcessorService.onHandleIntent(EmailBroadcastProcessorService.java:130)
E/StrictMode( 2038): 	at android.app.IntentService$ServiceHandler.handleMessage(IntentService.java:65)
E/StrictMode( 2038): 	at android.os.Handler.dispatchMessage(Handler.java:102)
E/StrictMode( 2038): 	at android.os.Looper.loop(Looper.java:135)
E/StrictMode( 2038): 	at android.os.HandlerThread.run(HandlerThread.java:61)
V/AlarmClock( 1656): AlarmInitReceiver android.intent.action.TIME_SET
V/AlarmClock( 1656): AlarmInitReceiver finished
D/AlertReceiver( 1882): onReceive: a=android.intent.action.PROVIDER_CHANGED Intent { act=android.intent.action.PROVIDER_CHANGED dat=content://com.android.calendar flg=0x10 cmp=com.android.calendar/.alerts.AlertReceiver }
I/ActivityManager( 1244): Delay finish: com.android.calendar/.alerts.AlertReceiver
D/AlertService( 1882): 0 Action = android.intent.action.PROVIDER_CHANGED
I/Exchange( 2061): PSS has no active accounts; stopping service.
I/GlobalDismissManager( 1882): no sender configured
D/AlertService( 1882): Beginning updateAlertNotification
D/AlertService( 1882): No fired or scheduled alerts
D/AlertService( 1882): Scheduling next alarm with AlarmScheduler. sEventReminderReceived: null
D/AlarmScheduler( 1882): No events found starting within 1 week.
I/ActivityManager( 1244): Resuming delayed broadcast
I/ActivityManager( 1244): Delay finish: com.android.providers.calendar/.CalendarProviderBroadcastReceiver
E/SQLiteLog( 1780): (284) automatic index on view_events(_id)
I/ActivityManager( 1244): Resuming delayed broadcast
I/ActivityManager( 1244): Delay finish: com.android.mms/.transaction.SmsReceiver
V/Mms     ( 1849): onStart: #1 mResultCode: -1 = Activity.RESULT_OK
I/ActivityManager( 1244): Resuming delayed broadcast
W/ContextImpl( 1710): Calling a method in the system process without a qualified user: android.app.ContextImpl.startService:1686 android.content.ContextWrapper.startService:515 android.content.ContextWrapper.startService:515 com.android.keychain.KeyChainBroadcastReceiver.onReceive:12 android.app.ActivityThread.handleReceiver:2579 
I/ActivityManager( 1244): Delay finish: com.android.keychain/.KeyChainBroadcastReceiver
I/ActivityManager( 1244): Resuming delayed broadcast
I/ActivityManager( 1244): Start proc com.svox.pico for broadcast com.svox.pico/.VoiceDataInstallerReceiver: pid=2091 uid=10038 gids={50038, 9997, 1028, 1015} abi=x86
E/libprocessgroup( 2091): failed to make and chown /acct/uid_10038: Read-only file system
W/Zygote  ( 2091): createProcessGroup failed, kernel missing CONFIG_CGROUP_CPUACCT?
W/ActivityManager( 1244): Activity destroy timeout for ActivityRecord{22294acc u0 com.ionicframework.allergiaapp355789/.MainActivity t3 f}
D/TaskPersister( 1244): removeObsoleteFile: deleting file=3_task.xml
D/InitAlarmsService( 1882): Clearing and rescheduling alarms.
I/MediaFocusControl( 1244):  AudioFocus  abandonAudioFocus() from android.media.AudioManager@3cf4e8c1com.android.music.MediaPlaybackService$3@19781866
I/ActivityManager( 1244): Killing 1637:com.android.externalstorage/u0a6 (adj 15): empty #17
I/ActivityManager( 1244): Delay finish: com.android.providers.calendar/.CalendarProviderBroadcastReceiver
I/ActivityManager( 1244): Resuming delayed broadcast
W/AudioTrack( 1244): AUDIO_OUTPUT_FLAG_FAST denied by client
I/Process ( 1997): Sending signal. PID: 1997 SIG: 9
W/InputMethodManagerService( 1244): Window already focused, ignoring focus gain of: com.android.internal.view.IInputMethodClient$Stub$Proxy@6746163 attribute=null, token = android.os.BinderProxy@14d945ee
