I/art     ( 1244): DexFile_isDexOptNeeded file /system/app/SoundRecorder/x86/SoundRecorder.odex needs to be relocated for /system/app/SoundRecorder/SoundRecorder.apk
I/art     ( 1244): DexFile_isDexOptNeeded failed to open oat file '/data/dalvik-cache/x86/system@app@SpeechRecorder@SpeechRecorder.apk@classes.dex' for file location '/system/app/SpeechRecorder/SpeechRecorder.apk': Failed to open oat filename for reading: No such file or directory
I/art     ( 1244): DexFile_isDexOptNeeded failed to open oat file '/system/app/SpeechRecorder/x86/SpeechRecorder.odex' for file location '/system/app/SpeechRecorder/SpeechRecorder.apk': Failed to open oat filename for reading: No such file or directory
D/PackageManager( 1244): No files in app dir /system/vendor/app
D/PackageManager( 1244): No files in app dir /oem/app
W/PackageParser( 1244): No actions in intent filter at /data/app/ApiDemos/ApiDemos.apk Binary XML file line #3027
W/PackageParser( 1244): No actions in intent filter at /data/app/ApiDemos/ApiDemos.apk Binary XML file line #3033
W/PackageManager( 1244): Package com.example.android.apis desires unavailable shared library com.example.will.never.exist; ignoring!
I/SELinux ( 1244): SELinux: Loaded file_contexts from /file_contexts
I/art     ( 1244): DexFile_isDexOptNeeded failed to open oat file '/data/dalvik-cache/x86/data@app@ApiDemos@ApiDemos.apk@classes.dex' for file location '/data/app/ApiDemos/ApiDemos.apk': Failed to open oat filename for reading: No such file or directory
I/art     ( 1244): DexFile_isDexOptNeeded failed to open oat file '/data/app/ApiDemos/x86/ApiDemos.odex' for file location '/data/app/ApiDemos/ApiDemos.apk': Failed to open oat filename for reading: No such file or directory
I/art     ( 1244): DexFile_isDexOptNeeded failed to open oat file '/data/dalvik-cache/x86/data@app@CubeLiveWallpapers@CubeLiveWallpapers.apk@classes.dex' for file location '/data/app/CubeLiveWallpapers/CubeLiveWallpapers.apk': Failed to open oat filename for reading: No such file or directory
I/art     ( 1244): DexFile_isDexOptNeeded failed to open oat file '/data/app/CubeLiveWallpapers/x86/CubeLiveWallpapers.odex' for file location '/data/app/CubeLiveWallpapers/CubeLiveWallpapers.apk': Failed to open oat filename for reading: No such file or directory
I/art     ( 1244): DexFile_isDexOptNeeded failed to open oat file '/data/dalvik-cache/x86/data@app@GestureBuilder@GestureBuilder.apk@classes.dex' for file location '/data/app/GestureBuilder/GestureBuilder.apk': Failed to open oat filename for reading: No such file or directory
I/art     ( 1244): DexFile_isDexOptNeeded failed to open oat file '/data/app/GestureBuilder/x86/GestureBuilder.odex' for file location '/data/app/GestureBuilder/GestureBuilder.apk': Failed to open oat filename for reading: No such file or directory
I/art     ( 1244): DexFile_isDexOptNeeded failed to open oat file '/data/dalvik-cache/x86/data@app@SmokeTest@SmokeTest.apk@classes.dex' for file location '/data/app/SmokeTest/SmokeTest.apk': Failed to open oat filename for reading: No such file or directory
I/art     ( 1244): DexFile_isDexOptNeeded failed to open oat file '/data/app/SmokeTest/x86/SmokeTest.odex' for file location '/data/app/SmokeTest/SmokeTest.apk': Failed to open oat filename for reading: No such file or directory
I/art     ( 1244): DexFile_isDexOptNeeded failed to open oat file '/data/dalvik-cache/x86/data@app@SmokeTestApp@SmokeTestApp.apk@classes.dex' for file location '/data/app/SmokeTestApp/SmokeTestApp.apk': Failed to open oat filename for reading: No such file or directory
I/art     ( 1244): DexFile_isDexOptNeeded failed to open oat file '/data/app/SmokeTestApp/x86/SmokeTestApp.odex' for file location '/data/app/SmokeTestApp/SmokeTestApp.apk': Failed to open oat filename for reading: No such file or directory
I/art     ( 1244): DexFile_isDexOptNeeded failed to open oat file '/data/dalvik-cache/x86/data@app@SoftKeyboard@SoftKeyboard.apk@classes.dex' for file location '/data/app/SoftKeyboard/SoftKeyboard.apk': Failed to open oat filename for reading: No such file or directory
I/art     ( 1244): DexFile_isDexOptNeeded failed to open oat file '/data/app/SoftKeyboard/x86/SoftKeyboard.odex' for file location '/data/app/SoftKeyboard/SoftKeyboard.apk': Failed to open oat filename for reading: No such file or directory
I/art     ( 1244): DexFile_isDexOptNeeded failed to open oat file '/data/dalvik-cache/x86/data@app@WidgetPreview@WidgetPreview.apk@classes.dex' for file location '/data/app/WidgetPreview/WidgetPreview.apk': Failed to open oat filename for reading: No such file or directory
I/art     ( 1244): DexFile_isDexOptNeeded failed to open oat file '/data/app/WidgetPreview/x86/WidgetPreview.odex' for file location '/data/app/WidgetPreview/WidgetPreview.apk': Failed to open oat filename for reading: No such file or directory
D/PackageManager( 1244): No files in app dir /data/app-private
W/PackageManager( 1244): Package com.example.android.apis desires unavailable shared library com.example.will.never.exist; ignoring!
W/PackageManager( 1244): Package com.android.camera desires unavailable shared library com.google.android.media.effects; ignoring!
I/PackageManager( 1244): Adjusting ABI for : com.android.providers.settings to x86
I/PackageManager( 1244): Adjusting ABI for : com.android.keychain to x86
I/PackageManager( 1244): Adjusting ABI for : com.android.location.fused to x86
I/PackageManager( 1244): Adjusting ABI for : com.android.settings to x86
I/PackageManager( 1244): Adjusting ABI for : com.android.inputdevices to x86
I/PackageManager( 1244): Time to scan packages: 3.331 seconds
W/PackageManager( 1244): Unknown permission com.google.android.googleapps.permission.GOOGLE_AUTH.mail in package com.android.calendar
W/PackageManager( 1244): Unknown permission com.google.android.googleapps.permission.GOOGLE_AUTH in package com.android.settings
W/PackageManager( 1244): Not granting permission android.permission.DELETE_PACKAGES to package com.svox.pico (protectionLevel=18 flags=0x8be45)
W/PackageManager( 1244): Not granting permission android.permission.BIND_APPWIDGET to package com.android.widgetpreview (protectionLevel=18 flags=0x8be44)
W/PackageManager( 1244): Not granting permission android.permission.DEVICE_POWER to package com.android.deskclock (protectionLevel=2 flags=0x48be45)
W/PackageManager( 1244): Not granting permission android.permission.GLOBAL_SEARCH to package com.android.quicksearchbox (protectionLevel=18 flags=0x8be45)
W/PackageManager( 1244): Unknown permission com.android.smspush.WAPPUSH_MANAGER_BIND in package com.android.phone
W/PackageManager( 1244): Unknown permission com.google.android.googleapps.permission.GOOGLE_AUTH in package com.android.providers.calendar
W/PackageManager( 1244): Unknown permission com.google.android.googleapps.permission.GOOGLE_AUTH.cl in package com.android.providers.calendar
W/PackageManager( 1244): Unknown permission android.permission.INSTALL_DRM in package com.android.mms
W/PackageManager( 1244): Not granting permission android.permission.ACCESS_DOWNLOAD_MANAGER to package com.android.browser (protectionLevel=18 flags=0x9be45)
W/PackageManager( 1244): Not granting permission android.permission.SEND_DOWNLOAD_COMPLETED_INTENTS to package com.android.browser (protectionLevel=2 flags=0x9be45)
W/PackageManager( 1244): Unknown permission com.google.android.googleapps.permission.ACCESS_GOOGLE_PASSWORD in package com.android.development
W/PackageManager( 1244): Unknown permission com.google.android.googleapps.permission.GOOGLE_AUTH in package com.android.development
W/PackageManager( 1244): Unknown permission com.google.android.googleapps.permission.GOOGLE_AUTH.ALL_SERVICES in package com.android.development
W/PackageManager( 1244): Unknown permission com.google.android.googleapps.permission.GOOGLE_AUTH.YouTubeUser in package com.android.development
I/art     ( 1244): WaitForGcToComplete blocked for 10.581ms for cause Explicit
I/art     ( 1244): Explicit concurrent mark sweep GC freed 1546(162KB) AllocSpace objects, 2(32KB) LOS objects, 19% free, 2MB/3MB, paused 6.348ms total 29.365ms
I/SystemServer( 1244): User Service
I/lowmemorykiller(  934): ActivityManager connected
I/SystemServiceManager( 1244): Starting com.android.server.lights.LightsService
I/SystemServiceManager( 1244): Starting com.android.server.BatteryService
I/SystemServiceManager( 1244): Starting com.android.server.usage.UsageStatsService
I/SystemServiceManager( 1244): Starting com.android.server.webkit.WebViewUpdateService
I/SystemServer( 1244): Reading configuration...
I/SystemServer( 1244): Scheduling Policy
I/SystemServer( 1244): Telephony Registry
I/SystemServer( 1244): Entropy Mixer
I/EntropyMixer( 1244): Writing entropy...
I/SystemServer( 1244): Account Manager
I/SystemServer( 1244): Content Manager
I/SystemServer( 1244): System Content Providers
W/ActivityManager( 1244): Can't addPackageDependency on system process
W/CoreSettingsObserver( 1244): Cannot find setting "debug_view_attributes"
W/CoreSettingsObserver( 1244): android.provider.Settings$SettingNotFoundException: debug_view_attributes
W/CoreSettingsObserver( 1244): 	at android.provider.Settings$Global.getInt(Settings.java:6726)
W/CoreSettingsObserver( 1244): 	at com.android.server.am.CoreSettingsObserver.populateSettings(CoreSettingsObserver.java:129)
W/CoreSettingsObserver( 1244): 	at com.android.server.am.CoreSettingsObserver.sendCoreSettings(CoreSettingsObserver.java:82)
W/CoreSettingsObserver( 1244): 	at com.android.server.am.CoreSettingsObserver.<init>(CoreSettingsObserver.java:65)
W/CoreSettingsObserver( 1244): 	at com.android.server.am.ActivityManagerService.installSystemProviders(ActivityManagerService.java:9845)
W/CoreSettingsObserver( 1244): 	at com.android.server.SystemServer.startOtherServices(SystemServer.java:452)
W/CoreSettingsObserver( 1244): 	at com.android.server.SystemServer.run(SystemServer.java:256)
W/CoreSettingsObserver( 1244): 	at com.android.server.SystemServer.main(SystemServer.java:170)
W/CoreSettingsObserver( 1244): 	at java.lang.reflect.Method.invoke(Native Method)
W/CoreSettingsObserver( 1244): 	at java.lang.reflect.Method.invoke(Method.java:372)
W/CoreSettingsObserver( 1244): 	at com.android.internal.os.ZygoteInit$MethodAndArgsCaller.run(ZygoteInit.java:899)
W/CoreSettingsObserver( 1244): 	at com.android.internal.os.ZygoteInit.main(ZygoteInit.java:694)
I/SystemServer( 1244): Vibrator Service
I/SystemServer( 1244): Consumer IR Service
E/ConsumerIrService( 1244): Can't open consumer IR HW Module, error: -2
I/SystemServiceManager( 1244): Starting com.android.server.AlarmManagerService
D/AlarmManagerService( 1244): Kernel timezone updated to 0 minutes west of GMT
I/SystemServer( 1244): Init Watchdog
I/SystemServer( 1244): Input Manager
I/InputManager( 1244): Initializing input manager, mUseDevInputEventForAudioJack=false
I/SystemServer( 1244): Window Manager
W/art     ( 1244): Suspending all threads took: 39.285ms
I/art     ( 1244): Background partial concurrent mark sweep GC freed 2034(142KB) AllocSpace objects, 0(0B) LOS objects, 19% free, 2MB/3MB, paused 54.570ms total 129.162ms
I/WindowManager( 1244): No existing display settings /data/system/display_settings.xml; starting empty
D/PermissionCache(  937): checking android.permission.ACCESS_SURFACE_FLINGER for uid=1000 => granted (696 us)
I/InputManager( 1244): Starting input manager
I/SystemServer( 1244): No Bluetooh Service (emulator)
I/SystemServer( 1244): Input Method Service
E/EventHub( 1244): could not get driver version for /dev/input/mouse0, Not a typewriter
W/EventHub( 1244): Unable to disable kernel key repeat for /dev/input/event0: Function not implemented
I/EventHub( 1244): New device: id=1, fd=74, path='/dev/input/event0', name='qwerty2', classes=0x7, configuration='/system/usr/idc/qwerty2.idc', keyLayout='/system/usr/keylayout/qwerty.kl', keyCharacterMap='/system/usr/keychars/qwerty2.kcm', builtinKeyboard=true, wakeMechanism=EVIOCSSUSPENDBLOCK, usingClockIoctl=true
E/EventHub( 1244): could not get driver version for /dev/input/mice, Not a typewriter
I/InputReader( 1244): Device added: id=-1, name='Virtual', sources=0x00000301
I/InputReader( 1244):   Touch device 'qwerty2' could not query the properties of its associated display.  The device will be inoperable until the display size becomes available.
I/InputReader( 1244): Device added: id=0, name='qwerty2', sources=0x00001103
W/InputMethodManagerService( 1244): Couldn't create dir.: /data/system/inputmethod
I/SystemServer( 1244): Accessibility Manager
I/ActivityManager( 1244): Config changes=1df8 {1.0 ?mcc?mnc en_US ldltr sw600dp w600dp h960dp 320dpi lrg port ?uimode ?night -touch qwerty/v/v -nav/h s.2}
I/InputReader( 1244): Reconfiguring input devices.  changes=0x00000004
I/InputReader( 1244): Device reconfigured: id=0, name='qwerty2', size 1200x1920, orientation 0, mode 1, display id 0
I/ActivityManager( 1244): Config changes=408 {1.0 ?mcc?mnc en_US ldltr sw600dp w600dp h887dp 320dpi lrg port ?uimode ?night finger qwerty/v/v -nav/h s.3}
I/SystemServer( 1244): Mount Service
D/MountService( 1244): got storage path: /storage/sdcard description: USB storage primary: true removable: false emulated: false mtpReserve: 0 allowMassStorage: false maxFileSize: 0
D/MountService( 1244): addVolumeLocked() StorageVolume:
D/MountService( 1244):     mStorageId=0 mPath=/storage/sdcard mDescriptionId=17040785 mPrimary=true 
D/MountService( 1244):     mRemovable=false mEmulated=false mMtpReserveSpace=0 
D/MountService( 1244):     mAllowMassStorage=false mMaxFileSize=0 mOwner=null mUuid=null 
D/MountService( 1244):     mUserLabel=null mState=null 
I/SystemServer( 1244): LockSettingsService
W/MountService( 1244): Duplicate state transition (unmounted -> unmounted) for /storage/sdcard
W/MountService( 1244): getSecureContainerList() called when storage not mounted
I/SystemServiceManager( 1244): Starting com.android.server.devicepolicy.DevicePolicyManagerService$Lifecycle
I/PackageManager( 1244): No secure containers found
W/PackageManager( 1244): Unknown permission com.google.android.googleapps.permission.GOOGLE_AUTH.mail in package com.android.calendar
W/PackageManager( 1244): Unknown permission com.google.android.googleapps.permission.GOOGLE_AUTH in package com.android.settings
W/PackageManager( 1244): Not granting permission android.permission.DELETE_PACKAGES to package com.svox.pico (protectionLevel=18 flags=0x8be45)
W/PackageManager( 1244): Not granting permission android.permission.BIND_APPWIDGET to package com.android.widgetpreview (protectionLevel=18 flags=0x8be44)
W/PackageManager( 1244): Not granting permission android.permission.DEVICE_POWER to package com.android.deskclock (protectionLevel=2 flags=0x48be45)
W/PackageManager( 1244): Not granting permission android.permission.GLOBAL_SEARCH to package com.android.quicksearchbox (protectionLevel=18 flags=0x8be45)
W/PackageManager( 1244): Unknown permission com.android.smspush.WAPPUSH_MANAGER_BIND in package com.android.phone
W/PackageManager( 1244): Unknown permission com.google.android.googleapps.permission.GOOGLE_AUTH in package com.android.providers.calendar
W/PackageManager( 1244): Unknown permission com.google.android.googleapps.permission.GOOGLE_AUTH.cl in package com.android.providers.calendar
W/PackageManager( 1244): Unknown permission android.permission.INSTALL_DRM in package com.android.mms
W/PackageManager( 1244): Not granting permission android.permission.ACCESS_DOWNLOAD_MANAGER to package com.android.browser (protectionLevel=18 flags=0x9be45)
W/PackageManager( 1244): Not granting permission android.permission.SEND_DOWNLOAD_COMPLETED_INTENTS to package com.android.browser (protectionLevel=2 flags=0x9be45)
W/PackageManager( 1244): Unknown permission com.google.android.googleapps.permission.ACCESS_GOOGLE_PASSWORD in package com.android.development
W/PackageManager( 1244): Unknown permission com.google.android.googleapps.permission.GOOGLE_AUTH in package com.android.development
W/PackageManager( 1244): Unknown permission com.google.android.googleapps.permission.GOOGLE_AUTH.ALL_SERVICES in package com.android.development
W/PackageManager( 1244): Unknown permission com.google.android.googleapps.permission.GOOGLE_AUTH.YouTubeUser in package com.android.development
I/SystemServer( 1244): Status Bar
W/MountService( 1244): getSecureContainerList() called when storage not mounted
I/SystemServer( 1244): Clipboard Service
I/SystemServer( 1244): NetworkManagement Service
I/UsageStatsService( 1244): User[0] Rollover scheduled @ 2015-04-08 00:00:00(1428451200000)
I/SystemServer( 1244): Text Service Manager Service
I/SystemServer( 1244): Network Score Service
I/SystemServer( 1244): NetworkStats Service
I/SystemServer( 1244): NetworkPolicy Service
I/art     ( 1244): Background sticky concurrent mark sweep GC freed 4623(364KB) AllocSpace objects, 5(80KB) LOS objects, 14% free, 3MB/4MB, paused 12.649ms total 37.519ms
I/SystemServiceManager( 1244): Starting com.android.server.wifi.p2p.WifiP2pService
I/WifiP2pService( 1244): Registering wifip2p
I/SystemServiceManager( 1244): Starting com.android.server.wifi.WifiService
E/WifiConfigStore( 1244): associatedPartialScanPeriodMilli set to 10000
D/WifiController( 1244): isAirplaneModeOn = false, isWifiEnabled = false, isScanningAvailable = false
I/WifiService( 1244): Registering wifi
I/SystemServiceManager( 1244): Starting com.android.server.wifi.WifiScanningService
I/WifiScanningService( 1244): Creating wifiscanner
I/WifiScanningService( 1244): Starting wifiscanner
I/SystemServiceManager( 1244): Starting com.android.server.wifi.RttService
I/RttService( 1244): Creating rttmanager
I/RttService( 1244): Starting rttmanager
I/SystemServer( 1244): Connectivity Service
D/ConnectivityService( 1244): ConnectivityService starting up
D/ConnectivityService( 1244): wifiOnly=false
I/SystemServer( 1244): Network Service Discovery Service
D/NsdService( 1244): Network service discovery enabled true
I/SystemServer( 1244): UpdateLock Service
I/SystemServiceManager( 1244): Starting com.android.server.notification.NotificationManagerService
W/art     ( 1244): Suspending all threads took: 7.532ms
I/art     ( 1244): Background sticky concurrent mark sweep GC freed 6515(499KB) AllocSpace objects, 4(64KB) LOS objects, 9% free, 4MB/4MB, paused 9.578ms total 53.443ms
I/SystemServiceManager( 1244): Starting com.android.server.storage.DeviceStorageMonitorService
I/SystemServer( 1244): Location Manager
I/SystemServer( 1244): Country Detector
I/SystemServer( 1244): Search Service
I/SystemServer( 1244): DropBox Service
I/SystemServer( 1244): Wallpaper Service
I/SystemServer( 1244): Audio Service
W/TelecomManager( 1244): Telecom Service not found.
I/SystemServiceManager( 1244): Starting com.android.server.DockObserver
W/DockObserver( 1244): This kernel does not have dock station support
I/SystemServer( 1244): Wired Accessory Manager
W/WiredAccessoryManager( 1244): This kernel does not have wired headset support
W/WiredAccessoryManager( 1244): This kernel does not have usb audio support
W/WiredAccessoryManager( 1244): This kernel does not have HDMI audio support
I/SystemServer( 1244): Serial Service
I/SystemServiceManager( 1244): Starting com.android.server.twilight.TwilightService
I/SystemServiceManager( 1244): Starting com.android.server.UiModeManagerService
I/SystemServiceManager( 1244): Starting com.android.server.job.JobSchedulerService
I/art     ( 1244): Background partial concurrent mark sweep GC freed 7568(489KB) AllocSpace objects, 1(16KB) LOS objects, 19% free, 4MB/5MB, paused 15.441ms total 127.766ms
I/art     ( 1244): WaitForGcToComplete blocked for 44.371ms for cause HeapTrim
I/SystemServiceManager( 1244): Starting com.android.server.backup.BackupManagerService$Lifecycle
V/BackupManagerService( 1244): No ancestral data
D/BackupManagerService( 1244): Now staging backup of com.android.calendar
D/BackupManagerService( 1244): Now staging backup of com.android.dialer
D/BackupManagerService( 1244): Now staging backup of com.android.providers.userdictionary
D/BackupManagerService( 1244): Now staging backup of com.android.sharedstoragebackup
D/BackupManagerService( 1244): Now staging backup of com.android.providers.settings
D/BackupManagerService( 1244): Now staging backup of android
D/BackupManagerService( 1244): Now staging backup of com.android.browser
V/BackupManagerService( 1244): Starting with transport android/com.android.internal.backup.LocalTransport
V/BackupManagerService( 1244): Found transports: 1
I/BackupManagerService( 1244): Binding to transport host ComponentInfo{android/com.android.internal.backup.LocalTransportService}
I/BackupManagerService( 1244): Found stale backup journal, scheduling
I/SystemServiceManager( 1244): Starting com.android.server.appwidget.AppWidgetService
I/SystemServiceManager( 1244): Starting com.android.server.voiceinteraction.VoiceInteractionManagerService
W/SoundTriggerHelper( 1244): listModules status=0, # of modules=0
I/SystemServer( 1244): DiskStats Service
I/SystemServer( 1244): SamplingProfiler Service
I/SystemServer( 1244): NetworkTimeUpdateService
I/SystemServer( 1244): CommonTimeManagementService
I/SystemServer( 1244): CertBlacklister
I/SystemServiceManager( 1244): Starting com.android.server.dreams.DreamManagerService
I/SystemServer( 1244): Assets Atlas Service
I/SystemServiceManager( 1244): Starting com.android.server.print.PrintManagerService
I/SystemServiceManager( 1244): Starting com.android.server.restrictions.RestrictionsManagerService
I/SystemServiceManager( 1244): Starting com.android.server.media.MediaSessionService
D/Atlas   ( 1244): Loaded configuration: SliceMinArea (768x768) flags=0x2 count=2
D/        ( 1244): HostConnection::get() New Host Connection established 0xa3c94d10, tid 1298
I/SystemServer( 1244): Media Router Service
I/SystemServiceManager( 1244): Starting com.android.server.trust.TrustManagerService
I/SystemServiceManager( 1244): Starting com.android.server.fingerprint.FingerprintService
V/Fingerprint-JNI( 1244): nativeInit()
V/Fingerprint-JNI( 1244): nativeOpenHal()
E/Fingerprint-JNI( 1244): Can't open fingerprint HW Module, error: -2
I/SystemServer( 1244): BackgroundDexOptService
I/SystemServiceManager( 1244): Starting com.android.server.pm.LauncherAppsService
I/SystemServiceManager( 1244): Starting com.android.server.media.projection.MediaProjectionManagerService
I/WindowManager( 1244): SAFE MODE not enabled
I/SystemServiceManager( 1244): Starting com.android.server.MmsServiceBroker
E/SQLiteLog( 1244): (283) recovered 16 frames from WAL file /data/system/locksettings.db-wal
I/SystemServiceManager( 1244): Starting phase 480
I/SystemServiceManager( 1244): Starting phase 500
I/WifiService( 1244): WifiService starting up with Wi-Fi disabled
D/WifiService( 1244): New client listening to asynchronous messages
I/WifiScanningService( 1244): Registering wifiscanner
D/WifiScanningService( 1244): New client, channel: null messenger: null
D/WifiChangeStateMachine( 1244): Entering IdleState
D/WifiScanningService( 1244): DefaultState
I/RttService( 1244): Registering rttmanager
I/art     ( 1244): Background sticky concurrent mark sweep GC freed 8221(582KB) AllocSpace objects, 1(16KB) LOS objects, 10% free, 5MB/5MB, paused 22.911ms total 170.302ms
I/ActivityManager( 1244): Config changes=200 {1.0 ?mcc?mnc en_US ldltr sw600dp w600dp h887dp 320dpi lrg port finger qwerty/v/v -nav/h s.4}
I/DisplayManagerService( 1244): Display device changed: DisplayDeviceInfo{"Built-in Screen": 1200 x 1920, 60.000004 fps, supportedRefreshRates [60.000004], density 320, 320.0 x 320.0 dpi, appVsyncOff 0, presDeadline 17666666, touch INTERNAL, rotation 0, type BUILT_IN, state ON, FLAG_DEFAULT_DISPLAY, FLAG_ROTATES_WITH_CONTENT, FLAG_SECURE, FLAG_SUPPORTS_PROTECTED_BUFFERS}
D/SurfaceFlinger(  937): Set power mode=2, type=0 flinger=0xb705e000
D/SurfaceFlinger(  937): Screen type=0 is already mode=2
I/AppOps  ( 1244): Pruning old package media/1013: new uid=-1
I/ActivityManager( 1244): System now ready
I/SystemServer( 1244): Making services ready
I/SystemServiceManager( 1244): Starting phase 550
I/SystemServer( 1244): WebViewFactory preparation
I/Zygote  ( 1244): Process: zygote socket opened, supported ABIS: x86
E/libprocessgroup( 1307): failed to make and chown /acct/uid_1037: Read-only file system
W/Zygote  ( 1307): createProcessGroup failed, kernel missing CONFIG_CGROUP_CPUACCT?
V/WebViewFactory( 1307): RelroFileCreator (64bit = false),  32-bit lib: /system/app/webview/lib/x86/libwebviewchromium.so, 64-bit lib: 
I/ActivityManager( 1244): Start proc WebViewLoader-x86 [android.webkit.WebViewFactory$RelroFileCreator] for : pid=1307 uid=1037 gids={} abi=x86
D/Atlas   ( 1244): Rendered atlas in 535.57ms (0.17+535.40ms)
I/art     (  952): Background concurrent mark sweep GC freed 777(32KB) AllocSpace objects, 0(0B) LOS objects, 82% free, 111KB/623KB, paused 11.714ms total 21.883ms
I/ActivityManager( 1244): Start proc com.android.systemui for service com.android.systemui/.SystemUIService: pid=1322 uid=10012 gids={50012, 9997, 1028, 1015, 1035, 3002, 3001, 3006} abi=x86
D/NetworkManagementService( 1244): not enabling bandwidth control
I/Vold    (  936): /dev/block/vold/179:0 being considered for volume sdcard
D/Vold    (  936): Volume sdcard state changing 1 (Idle-Unmounted) -> 3 (Checking)
D/MountService( 1244): volume state changed for /storage/sdcard (unmounted -> checking)
D/MountService( 1244): sendStorageIntent Intent { act=android.intent.action.MEDIA_CHECKING dat=file:///storage/sdcard flg=0x4000000 (has extras) } to UserHandle{-1}
E/libprocessgroup( 1322): failed to make and chown /acct/uid_10012: Read-only file system
W/Zygote  ( 1322): createProcessGroup failed, kernel missing CONFIG_CGROUP_CPUACCT?
I/fsck_msdos(  936): ** /dev/block/vold/179:0
I/fsck_msdos(  936): ** Phase 1 - Read and Compare FATs
I/fsck_msdos(  936): Attempting to allocate 794 KB for FAT
W/NetworkStats( 1244): bandwidth controls disabled, unable to track stats
W/NetworkPolicy( 1244): bandwidth controls disabled, unable to enforce policy
D/PermissionMonitor( 1244): Monitoring
D/PermissionMonitor( 1244): Users: 1, Apps: 49
I/fsck_msdos(  936): Attempting to allocate 794 KB for FAT
I/SystemServiceManager( 1244): Starting phase 600
D/ConditionProviders( 1244): onServiceAdded ManagedServiceInfo[component=ComponentInfo{android/com.android.server.notification.CountdownConditionProvider},userid=0,isSystem=true,targetSdkVersion=21,connection=null,service=android.service.notification.ConditionProviderService$Provider@3daa01dd]
D/ConditionProviders( 1244): onServiceAdded ManagedServiceInfo[component=ComponentInfo{android/com.android.server.notification.DowntimeConditionProvider},userid=0,isSystem=true,targetSdkVersion=21,connection=null,service=android.service.notification.ConditionProviderService$Provider@1be25152]
E/BluetoothAdapter( 1244): Bluetooth binder is null
E/BluetoothAdapter( 1244): Bluetooth binder is null
I/BackupManagerService( 1244): Backup enabled => true
E/InputMethodManagerService( 1244): Ignoring setImeWindowStatus due to an invalid token. uid:1000 token:null
I/fsck_msdos(  936): ** Phase 2 - Check Cluster Chains
I/fsck_msdos(  936): ** Phase 3 - Checking Directories
I/fsck_msdos(  936): ** Phase 4 - Checking for Lost Files
I/fsck_msdos(  936): 11 files, 100790 free (201580 clusters)
I/ActivityManager( 1244): Start proc com.android.inputmethod.latin for service com.android.inputmethod.latin/.LatinIME: pid=1355 uid=10030 gids={50030, 9997, 1028, 1015} abi=x86
V/InputMethodManagerService( 1244): Adding window token: android.os.Binder@2326826
E/libprocessgroup( 1355): failed to make and chown /acct/uid_10030: Read-only file system
W/Zygote  ( 1355): createProcessGroup failed, kernel missing CONFIG_CGROUP_CPUACCT?
I/Vold    (  936): Filesystem check completed OK
V/SystemUIService( 1322): Starting SystemUI services.
E/WVMExtractor(  949): Failed to open libwvm.so: dlopen failed: library "libwvm.so" not found
D/GpsLocationProvider( 1244): Reset GPS properties, previous size = 0
D/GpsLocationProvider( 1244): GpsParamsResource: SUPL_HOST=supl.google.com
D/GpsLocationProvider( 1244): GpsParamsResource: SUPL_PORT=7275
D/GpsLocationProvider( 1244): GpsParamsResource: NTP_SERVER=north-america.pool.ntp.org
D/GpsLocationProvider( 1244): GpsParamsResource: SUPL_VER=0x20000
D/GpsLocationProvider( 1244): GpsParamsResource: SUPL_MODE=1
W/GpsLocationProvider( 1244): Could not open GPS configuration file /etc/gps.conf
D/GpsLocationProvider( 1244): GPS properties reloaded, size = 5
E/GpsLocationProvider( 1244): no AGPS interface in set_agps_server
E/GpsLocationProvider( 1244): no GPS configuration interface in configuraiton_update
D/GpsLocationProvider( 1244): final config = #Tue Apr 07 13:41:40 GMT+00:00 2015
D/GpsLocationProvider( 1244): SUPL_VER=0x20000
D/GpsLocationProvider( 1244): SUPL_HOST=supl.google.com
D/GpsLocationProvider( 1244): NTP_SERVER=north-america.pool.ntp.org
D/GpsLocationProvider( 1244): SUPL_PORT=7275
D/GpsLocationProvider( 1244): SUPL_MODE=1
D/NuPlayerDriver(  949): start(0xb6153080)
I/GenericSource(  949): start
W/ServiceWatcher( 1244): com.google.android.location not found
W/ServiceWatcher( 1244): com.google.android.location not found
W/LocationManagerService( 1244): no network location provider found
W/ServiceWatcher( 1244): com.google.android.location not found
V/FingerprintService( 1244): startListening(android.service.fingerprint.IFingerprintServiceReceiver$Stub$Proxy@1a8e91e0)
W/ServiceWatcher( 1244): com.google.android.location not found
E/LocationManagerService( 1244): no geocoder provider found
E/FlpHardwareProvider( 1244): Error hw_get_module 'flp': -2
E/LocationManagerService( 1244): FLP HAL not supported
W/ServiceWatcher( 1244): com.google.android.location not found
D/Vold    (  936): blkid identified as /dev/block/vold/179:0: LABEL="SDCARD" UUID="13F8-2107" TYPE="vfat" 
D/Vold    (  936): Volume sdcard state changing 3 (Checking) -> 4 (Mounted)
D/MountService( 1244): volume state changed for /storage/sdcard (checking -> mounted)
I/PackageManager( 1244): Updating external media status from unmounted to mounted
D/MountService( 1244): sendStorageIntent Intent { act=android.intent.action.MEDIA_MOUNTED dat=file:///storage/sdcard flg=0x4000000 (has extras) } to UserHandle{-1}
E/VoldConnector( 1244): NDC Command {5 volume mount /storage/sdcard} took too long (850ms)
I/PackageManager( 1244): No secure containers found
W/PackageManager( 1244): Unknown permission com.google.android.googleapps.permission.GOOGLE_AUTH.mail in package com.android.calendar
W/PackageManager( 1244): Unknown permission com.google.android.googleapps.permission.GOOGLE_AUTH in package com.android.settings
W/PackageManager( 1244): Not granting permission android.permission.DELETE_PACKAGES to package com.svox.pico (protectionLevel=18 flags=0x88be45)
W/PackageManager( 1244): Not granting permission android.permission.BIND_APPWIDGET to package com.android.widgetpreview (protectionLevel=18 flags=0x8be44)
W/PackageManager( 1244): Not granting permission android.permission.DEVICE_POWER to package com.android.deskclock (protectionLevel=2 flags=0xc8be45)
W/PackageManager( 1244): Not granting permission android.permission.GLOBAL_SEARCH to package com.android.quicksearchbox (protectionLevel=18 flags=0x88be45)
W/PackageManager( 1244): Unknown permission com.android.smspush.WAPPUSH_MANAGER_BIND in package com.android.phone
W/PackageManager( 1244): Unknown permission com.google.android.googleapps.permission.GOOGLE_AUTH in package com.android.providers.calendar
W/PackageManager( 1244): Unknown permission com.google.android.googleapps.permission.GOOGLE_AUTH.cl in package com.android.providers.calendar
W/PackageManager( 1244): Unknown permission android.permission.INSTALL_DRM in package com.android.mms
W/PackageManager( 1244): Not granting permission android.permission.ACCESS_DOWNLOAD_MANAGER to package com.android.browser (protectionLevel=18 flags=0x89be45)
W/PackageManager( 1244): Not granting permission android.permission.SEND_DOWNLOAD_COMPLETED_INTENTS to package com.android.browser (protectionLevel=2 flags=0x89be45)
W/PackageManager( 1244): Unknown permission com.google.android.googleapps.permission.ACCESS_GOOGLE_PASSWORD in package com.android.development
W/PackageManager( 1244): Unknown permission com.google.android.googleapps.permission.GOOGLE_AUTH in package com.android.development
W/PackageManager( 1244): Unknown permission com.google.android.googleapps.permission.GOOGLE_AUTH.ALL_SERVICES in package com.android.development
W/PackageManager( 1244): Unknown permission com.google.android.googleapps.permission.GOOGLE_AUTH.YouTubeUser in package com.android.development
I/art     ( 1322): Background sticky concurrent mark sweep GC freed 1735(97KB) AllocSpace objects, 0(0B) LOS objects, 25% free, 463KB/623KB, paused 2.536ms total 151.673ms
E/OMXNodeInstance(  949): getParameter(100663311) ERROR: 0x8000101a
E/OMXNodeInstance(  949): getParameter(100663297) ERROR: 0x8000101a
E/OMXNodeInstance(  949): getParameter(100663311) ERROR: 0x8000101a
E/OMXNodeInstance(  949): getParameter(100663297) ERROR: 0x8000101a
E/OMXNodeInstance(  949): getParameter(100663311) ERROR: 0x8000101a
E/OMXNodeInstance(  949): getParameter(100663297) ERROR: 0x8000101a
E/OMXNodeInstance(  949): getParameter(100663311) ERROR: 0x8000101a
E/OMXNodeInstance(  949): getParameter(100663297) ERROR: 0x8000101a
E/OMXNodeInstance(  949): getParameter(100663311) ERROR: 0x8000101a
E/OMXNodeInstance(  949): getParameter(100663297) ERROR: 0x8000101a
E/OMXNodeInstance(  949): getParameter(100663311) ERROR: 0x8000101a
E/OMXNodeInstance(  949): getParameter(100663297) ERROR: 0x8000101a
E/OMXNodeInstance(  949): getParameter(100663311) ERROR: 0x8000101a
E/OMXNodeInstance(  949): getParameter(100663297) ERROR: 0x8000101a
E/OMXNodeInstance(  949): getParameter(100663311) ERROR: 0x8000101a
E/OMXNodeInstance(  949): getParameter(100663297) ERROR: 0x8000101a
E/OMXNodeInstance(  949): getParameter(100663311) ERROR: 0x8000101a
E/OMXNodeInstance(  949): getParameter(100663297) ERROR: 0x8000101a
W/art     ( 1322): Suspending all threads took: 19.391ms
I/art     ( 1322): Background partial concurrent mark sweep GC freed 626(109KB) AllocSpace objects, 0(0B) LOS objects, 50% free, 506KB/1018KB, paused 20.944ms total 247.787ms
D/NuPlayerDriver(  949): start(0xb5a24080)
E/OMXNodeInstance(  949): getParameter(100663311) ERROR: 0x8000101a
E/OMXNodeInstance(  949): getParameter(100663297) ERROR: 0x8000101a
I/GenericSource(  949): start
E/OMXNodeInstance(  949): getParameter(100663311) ERROR: 0x8000101a
E/OMXNodeInstance(  949): getParameter(100663297) ERROR: 0x8000101a
E/OMXNodeInstance(  949): getParameter(100663311) ERROR: 0x8000101a
E/OMXNodeInstance(  949): getParameter(100663297) ERROR: 0x8000101a
E/OMXNodeInstance(  949): getParameter(100663311) ERROR: 0x8000101a
E/OMXNodeInstance(  949): getParameter(100663297) ERROR: 0x8000101a
E/OMXNodeInstance(  949): getParameter(100663311) ERROR: 0x8000101a
E/OMXNodeInstance(  949): getParameter(100663297) ERROR: 0x8000101a
E/LocationManagerService( 1244): Unable to bind FLP Geofence proxy.
E/ActivityRecognitionHardware( 1244): Error hw_get_module: -2
E/LocationManagerService( 1244): Hardware Activity-Recognition not supported.
E/GpsLocationProvider( 1244): no AGPS interface in set_agps_server
I/CommonTimeManagementService( 1244): No common time service detected on this platform.  Common time services will be unavailable.
E/OMXNodeInstance(  949): getParameter(100663311) ERROR: 0x8000100e
E/OMXNodeInstance(  949): getParameter(100663297) ERROR: 0x8000100e
E/OMXNodeInstance(  949): OMX_GetExtensionIndex OMX.google.android.index.storeMetaDataInBuffers failed
E/OMXNodeInstance(  949): getParameter(100663311) ERROR: 0x8000100e
E/OMXNodeInstance(  949): getParameter(100663297) ERROR: 0x8000100e
E/OMXNodeInstance(  949): OMX_GetExtensionIndex OMX.google.android.index.storeMetaDataInBuffers failed
I/ActivityManager( 1244): Start proc android.process.media for broadcast com.android.providers.downloads/.DownloadReceiver: pid=1430 uid=10005 gids={50005, 9997, 1028, 1015, 1023, 1024, 2001, 3003, 3007} abi=x86
I/InputReader( 1244): Reconfiguring input devices.  changes=0x00000030
E/libprocessgroup( 1430): failed to make and chown /acct/uid_10005: Read-only file system
W/Zygote  ( 1430): createProcessGroup failed, kernel missing CONFIG_CGROUP_CPUACCT?
I/art     ( 1244): Background sticky concurrent mark sweep GC freed 12200(933KB) AllocSpace objects, 3(48KB) LOS objects, 15% free, 5MB/6MB, paused 2.062ms total 157.542ms
I/MmsServiceBroker( 1244): Connecting to MmsService
W/ContextImpl( 1244): Calling a method in the system process without a qualified user: android.app.ContextImpl.bindService:1750 com.android.server.MmsServiceBroker.tryConnecting:134 com.android.server.MmsServiceBroker.systemRunning:121 com.android.server.SystemServer$2.run:1180 com.android.server.am.ActivityManagerService.systemReady:11322 
E/libprocessgroup( 1445): failed to make and chown /acct/uid_1001: Read-only file system
W/Zygote  ( 1445): createProcessGroup failed, kernel missing CONFIG_CGROUP_CPUACCT?
E/OMXNodeInstance(  949): getParameter(100663311) ERROR: 0x8000100e
E/OMXNodeInstance(  949): getParameter(100663297) ERROR: 0x8000100e
E/OMXNodeInstance(  949): OMX_GetExtensionIndex OMX.google.android.index.storeMetaDataInBuffers failed
I/ActivityManager( 1244): Start proc com.android.phone for service com.android.mms.service/.MmsService: pid=1445 uid=1001 gids={41001, 9997, 3002, 3001, 3003, 1028, 1015} abi=x86
W/VoiceInteractionManagerService( 1244): no available voice interaction services found for user 0
W/VoiceInteractionManagerService( 1244): no available voice recognition services found for user 0
I/art     (  952): Background concurrent mark sweep GC freed 781(33KB) AllocSpace objects, 0(0B) LOS objects, 82% free, 111KB/623KB, paused 12.348ms total 22.276ms
I/ActivityManager( 1244): Start proc com.android.server.telecom for added application com.android.server.telecom: pid=1462 uid=1001 gids={41001, 9997, 3002, 3001, 3003, 1028, 1015} abi=x86
E/libprocessgroup( 1462): failed to make and chown /acct/uid_1001: Read-only file system
W/Zygote  ( 1462): createProcessGroup failed, kernel missing CONFIG_CGROUP_CPUACCT?
E/libprocessgroup( 1478): failed to make and chown /acct/uid_1001: Read-only file system
W/Zygote  ( 1478): createProcessGroup failed, kernel missing CONFIG_CGROUP_CPUACCT?
I/ActivityManager( 1244): Start proc com.android.phone for added application com.android.phone: pid=1478 uid=1001 gids={41001, 9997, 3002, 3001, 3003, 1028, 1015} abi=x86
I/ActivityManager( 1244): START u0 {act=android.intent.action.MAIN cat=[android.intent.category.HOME] flg=0x10000000 cmp=com.android.launcher/com.android.launcher2.Launcher} from uid 0 on display 0
D/SoftHEVC(  949): Number of CPU cores: 1
D/SoftHEVC(  949): Initializing decoder
D/SoftHEVC(  949): Set number of cores to 1
D/SoftHEVC(  949): Ittiam decoder version number: @(#)Id:HEVCDEC_production Ver:04.01 Released by ITTIAM Build: Oct 10 2014 @ 01:03:31
E/OMXNodeInstance(  949): getParameter(100663311) ERROR: 0x8000100e
E/OMXNodeInstance(  949): getParameter(100663297) ERROR: 0x8000100e
E/OMXNodeInstance(  949): OMX_GetExtensionIndex OMX.google.android.index.storeMetaDataInBuffers failed
D/SoftHEVC(  949): Freeing codec memory
D/SoftHEVC(  949): Number of CPU cores: 1
D/SoftHEVC(  949): Initializing decoder
D/SoftHEVC(  949): Set number of cores to 1
D/SoftHEVC(  949): Ittiam decoder version number: @(#)Id:HEVCDEC_production Ver:04.01 Released by ITTIAM Build: Oct 10 2014 @ 01:03:31
D/SoftHEVC(  949): In SoftHEVC::~SoftHEVC
D/SoftHEVC(  949): Freeing codec memory
E/OMXNodeInstance(  949): getParameter(100663311) ERROR: 0x8000100e
E/OMXNodeInstance(  949): getParameter(100663297) ERROR: 0x8000100e
E/OMXNodeInstance(  949): OMX_GetExtensionIndex OMX.google.android.index.storeMetaDataInBuffers failed
E/OMXNodeInstance(  949): getParameter(100663311) ERROR: 0x8000100e
E/OMXNodeInstance(  949): getParameter(100663297) ERROR: 0x8000100e
E/OMXNodeInstance(  949): OMX_GetExtensionIndex OMX.google.android.index.storeMetaDataInBuffers failed
I/ActivityManager( 1244): Start proc com.android.launcher for activity com.android.launcher/com.android.launcher2.Launcher: pid=1499 uid=10007 gids={50007, 9997} abi=x86
I/SystemServer( 1244): Enabled StrictMode for system server main thread.
V/ActivityManager( 1244): Display changed displayId=0
V/ActivityManager( 1244): Display changed displayId=0
E/libprocessgroup( 1499): failed to make and chown /acct/uid_10007: Read-only file system
W/Zygote  ( 1499): createProcessGroup failed, kernel missing CONFIG_CGROUP_CPUACCT?
I/SoftMPEG4Encoder(  949): Construct SoftMPEG4Encoder
E/OMXNodeInstance(  949): getParameter(100663311) ERROR: 0x8000100e
W/ACodec  (  949): do not know color format 0x7f000789 = 2130708361
E/OMXNodeInstance(  949): getParameter(100663297) ERROR: 0x8000100e
I/art     (  952): Explicit concurrent mark sweep GC freed 701(30KB) AllocSpace objects, 0(0B) LOS objects, 82% free, 110KB/622KB, paused 12.518ms total 41.356ms
I/art     (  952): Explicit concurrent mark sweep GC freed 8(256B) AllocSpace objects, 0(0B) LOS objects, 82% free, 110KB/622KB, paused 1.479ms total 31.896ms
I/SoftAVCEncoder(  949): Construct SoftAVCEncoder
E/OMXNodeInstance(  949): getParameter(100663311) ERROR: 0x8000100e
W/ACodec  (  949): do not know color format 0x7f000789 = 2130708361
E/OMXNodeInstance(  949): getParameter(100663297) ERROR: 0x8000100e
I/SoftMPEG4Encoder(  949): Construct SoftMPEG4Encoder
E/OMXNodeInstance(  949): getParameter(100663311) ERROR: 0x8000100e
W/ACodec  (  949): do not know color format 0x7f000789 = 2130708361
E/OMXNodeInstance(  949): getParameter(100663297) ERROR: 0x8000100e
I/art     (  952): Explicit concurrent mark sweep GC freed 5(160B) AllocSpace objects, 0(0B) LOS objects, 82% free, 110KB/622KB, paused 1.726ms total 92.837ms
I/ActivityManager( 1244): Start proc com.android.printspooler for service com.android.printspooler/.model.PrintSpoolerService: pid=1523 uid=10039 gids={50039, 9997} abi=x86
E/libprocessgroup( 1523): failed to make and chown /acct/uid_10039: Read-only file system
W/Zygote  ( 1523): createProcessGroup failed, kernel missing CONFIG_CGROUP_CPUACCT?
E/OMXNodeInstance(  949): getParameter(100663311) ERROR: 0x8000100e
W/ACodec  (  949): do not know color format 0x7f000789 = 2130708361
E/OMXNodeInstance(  949): getParameter(100663297) ERROR: 0x8000100e
D/NuPlayerDriver(  949): reset(0xb6153080)
D/NuPlayerDriver(  949): notifyResetComplete(0xb6153080)
D/NuPlayerDriver(  949): reset(0xb5a24080)
D/NuPlayerDriver(  949): notifyResetComplete(0xb5a24080)
D/NuPlayerDriver(  949): start(0xb42a0200)
I/GenericSource(  949): start
D/NuPlayerDriver(  949): start(0xb5594180)
I/GenericSource(  949): start
D/NuPlayerDriver(  949): reset(0xb5594180)
D/NuPlayerDriver(  949): notifyResetComplete(0xb5594180)
D/NuPlayerDriver(  949): reset(0xb42a0200)
D/NuPlayerDriver(  949): notifyResetComplete(0xb42a0200)
D/NuPlayerDriver(  949): start(0xb5a24080)
I/GenericSource(  949): start
D/NuPlayerDriver(  949): start(0xb6153080)
I/GenericSource(  949): start
D/NuPlayerDriver(  949): reset(0xb5a24080)
D/NuPlayerDriver(  949): notifyResetComplete(0xb5a24080)
D/NuPlayerDriver(  949): reset(0xb6153080)
D/NuPlayerDriver(  949): notifyResetComplete(0xb6153080)
W/ActivityManager( 1244): No pending application record for pid 1445 (IApplicationThread android.app.ApplicationThreadProxy@3a8a9af6); dropping process
D/        ( 1244): HostConnection::get() New Host Connection established 0xa2ba4b30, tid 1267
D/WifiScanningService( 1244): SCAN_AVAILABLE : 1
D/WifiScanningService( 1244): DefaultState got{ when=-1ms what=160007 target=com.android.internal.util.StateMachine$SmHandler }
D/RttService( 1244): SCAN_AVAILABLE : 1
D/RttService( 1244): DefaultState got{ when=0 what=160513 target=com.android.internal.util.StateMachine$SmHandler }
I/Choreographer( 1244): Skipped 182 frames!  The application may be doing too much work on its main thread.
W/InputMethodManagerService( 1244): Focus gain on non-focused client android.view.inputmethod.InputMethodManager$1@3845aeec (uid=1000 pid=1244)
V/ActivityManager( 1244): Display changed displayId=0
V/ActivityManager( 1244): Display changed displayId=0
D/NuPlayerDriver(  949): start(0xb5594180)
I/GenericSource(  949): start
D/NuPlayerDriver(  949): reset(0xb5594180)
W/ALooperRoster(  949): failed to deliver message. Target handler not registered.
D/NuPlayerDriver(  949): notifyResetComplete(0xb5594180)
D/NuPlayerDriver(  949): start(0xb42a0200)
I/GenericSource(  949): start
D/NuPlayerDriver(  949): reset(0xb42a0200)
D/NuPlayerDriver(  949): notifyResetComplete(0xb42a0200)
D/NuPlayerDriver(  949): start(0xb5a24080)
I/GenericSource(  949): start
D/NuPlayerDriver(  949): reset(0xb5a24080)
D/NuPlayerDriver(  949): notifyResetComplete(0xb5a24080)
I/PrintSpoolerService( 1523): No existing print spooler state.
D/VolumeUI( 1322): Registering volume controller
W/ResourcesManager( 1244): Asset path '/system/framework/com.android.location.provider.jar' does not exist or contains no resources.
D/GpsNetInitiatedHandler( 1244): location enabled :true
V/WiredAccessoryManager( 1244): init()
I/art     ( 1322): Background sticky concurrent mark sweep GC freed 285(25KB) AllocSpace objects, 0(0B) LOS objects, 0% free, 1022KB/1022KB, paused 2.634ms total 138.629ms
W/art     ( 1355): Suspending all threads took: 68.244ms
I/LatinIME( 1355): Hardware accelerated drawing: false
I/StatusBarManagerService( 1244): registerStatusBar bar=com.android.internal.statusbar.IStatusBar$Stub$Proxy@3f9bc8ad
I/art     ( 1244): Background partial concurrent mark sweep GC freed 9000(937KB) AllocSpace objects, 4(93KB) LOS objects, 19% free, 5MB/7MB, paused 2.683ms total 677.727ms
I/art     ( 1307): System.exit called, status: 0
I/AndroidRuntime( 1307): VM exiting with result code 0, cleanup skipped.
D/PermissionCache(  937): checking android.permission.HARDWARE_TEST for uid=1000 => granted (15801 us)
V/BackupManagerService( 1244): Connected to transport ComponentInfo{android/com.android.internal.backup.LocalTransportService}
V/BackupManagerService( 1244): Registering transport android/com.android.internal.backup.LocalTransportService::android/com.android.internal.backup.LocalTransport = android.app.backup.BackupTransport$TransportImpl@8ed371d
I/ActivityManager( 1244): Start proc android.process.acore for content provider com.android.providers.contacts/.CallLogProvider: pid=1602 uid=10002 gids={50002, 9997, 3003, 1028, 1015} abi=x86
E/libprocessgroup( 1602): failed to make and chown /acct/uid_10002: Read-only file system
W/Zygote  ( 1602): createProcessGroup failed, kernel missing CONFIG_CGROUP_CPUACCT?
E/BluetoothAdapter( 1462): Bluetooth binder is null
I/FusedLocation( 1244): engine started (com.android.location.fused)
E/BluetoothAdapter( 1462): Bluetooth binder is null
I/art     ( 1462): Background sticky concurrent mark sweep GC freed 1968(136KB) AllocSpace objects, 1(16KB) LOS objects, 34% free, 406KB/623KB, paused 15.378ms total 54.675ms
I/art     ( 1322): Background sticky concurrent mark sweep GC freed 2168(215KB) AllocSpace objects, 0(0B) LOS objects, 6% free, 1361KB/1460KB, paused 1.677ms total 471.312ms
I/art     ( 1322): WaitForGcToComplete blocked for 63.077ms for cause HeapTrim
E/SQLiteLog( 1430): (283) recovered 73 frames from WAL file /data/data/com.android.providers.media/databases/external.db-wal
W/InputAttributes( 1355): No editor info for this field. Bug?
I/art     ( 1499): Background sticky concurrent mark sweep GC freed 1580(78KB) AllocSpace objects, 1(81KB) LOS objects, 42% free, 358KB/622KB, paused 17.920ms total 164.563ms
W/art     ( 1322): Suspending all threads took: 58.639ms
I/art     ( 1322): Background partial concurrent mark sweep GC freed 1271(91KB) AllocSpace objects, 0(0B) LOS objects, 26% free, 1409KB/1921KB, paused 60.408ms total 126.487ms
I/art     ( 1602): Background sticky concurrent mark sweep GC freed 2290(117KB) AllocSpace objects, 0(0B) LOS objects, 27% free, 449KB/623KB, paused 8.149ms total 20.294ms
W/art     ( 1355): Suspending all threads took: 9.731ms
D/MmsService( 1478): onCreate
I/MmsServiceBroker( 1244): MmsService connected
I/MmsService( 1478): MmsConfigManager.loadInBackground(): mcc/mnc: 0/0
E/MmsService( 1478): MmsConfigManager.load -- empty getActiveSubInfoList
I/LatinIME:LogUtils( 1355): Dictionary info: dictionary = ContextualDictionary.en_US ; version = 1428414105 ; date = ?
I/LatinIME:LogUtils( 1355): Dictionary info: dictionary = UserHistoryDictionary.en_US ; version = 1428414105 ; date = ?
I/LatinIME:LogUtils( 1355): Dictionary info: dictionary = PersonalizationDictionary.en_US ; version = 1428414105 ; date = ?
I/LatinIME:LogUtils( 1355): Dictionary info: dictionary = contacts.en_US ; version = 1428414105 ; date = ?
I/LatinIME:LogUtils( 1355): Dictionary info: dictionary = userunigram.en_US ; version = 1428414105 ; date = ?
I/art     ( 1499): Background sticky concurrent mark sweep GC freed 541(81KB) AllocSpace objects, 2(32KB) LOS objects, 7% free, 1029KB/1108KB, paused 21.974ms total 49.173ms
I/LatinIME:LogUtils( 1355): Dictionary info: dictionary = PersonalizationDictionary.en_US ; version = 1428414105 ; date = ?
